Archive member included to satisfy reference by file (symbol)

/Applications/STM32CubeIDE.app/Contents/Eclipse/plugins/com.st.stm32cube.ide.mcu.externaltools.gnu-tools-for-stm32.13.3.rel1.macos64_1.0.0.202411102158/tools/bin/../lib/gcc/arm-none-eabi/13.3.1/../../../../arm-none-eabi/lib/thumb/v7-m/nofp/libc_nano.a(libc_a-exit.o)
                              /Applications/STM32CubeIDE.app/Contents/Eclipse/plugins/com.st.stm32cube.ide.mcu.externaltools.gnu-tools-for-stm32.13.3.rel1.macos64_1.0.0.202411102158/tools/bin/../lib/gcc/arm-none-eabi/13.3.1/../../../../arm-none-eabi/lib/thumb/v7-m/nofp/crt0.o (exit)
/Applications/STM32CubeIDE.app/Contents/Eclipse/plugins/com.st.stm32cube.ide.mcu.externaltools.gnu-tools-for-stm32.13.3.rel1.macos64_1.0.0.202411102158/tools/bin/../lib/gcc/arm-none-eabi/13.3.1/../../../../arm-none-eabi/lib/thumb/v7-m/nofp/libc_nano.a(libc_a-findfp.o)
                              /Applications/STM32CubeIDE.app/Contents/Eclipse/plugins/com.st.stm32cube.ide.mcu.externaltools.gnu-tools-for-stm32.13.3.rel1.macos64_1.0.0.202411102158/tools/bin/../lib/gcc/arm-none-eabi/13.3.1/../../../../arm-none-eabi/lib/thumb/v7-m/nofp/libc_nano.a(libc_a-exit.o) (__stdio_exit_handler)
/Applications/STM32CubeIDE.app/Contents/Eclipse/plugins/com.st.stm32cube.ide.mcu.externaltools.gnu-tools-for-stm32.13.3.rel1.macos64_1.0.0.202411102158/tools/bin/../lib/gcc/arm-none-eabi/13.3.1/../../../../arm-none-eabi/lib/thumb/v7-m/nofp/libc_nano.a(libc_a-fwalk.o)
                              /Applications/STM32CubeIDE.app/Contents/Eclipse/plugins/com.st.stm32cube.ide.mcu.externaltools.gnu-tools-for-stm32.13.3.rel1.macos64_1.0.0.202411102158/tools/bin/../lib/gcc/arm-none-eabi/13.3.1/../../../../arm-none-eabi/lib/thumb/v7-m/nofp/libc_nano.a(libc_a-findfp.o) (_fwalk_sglue)
/Applications/STM32CubeIDE.app/Contents/Eclipse/plugins/com.st.stm32cube.ide.mcu.externaltools.gnu-tools-for-stm32.13.3.rel1.macos64_1.0.0.202411102158/tools/bin/../lib/gcc/arm-none-eabi/13.3.1/../../../../arm-none-eabi/lib/thumb/v7-m/nofp/libc_nano.a(libc_a-memset.o)
                              /Applications/STM32CubeIDE.app/Contents/Eclipse/plugins/com.st.stm32cube.ide.mcu.externaltools.gnu-tools-for-stm32.13.3.rel1.macos64_1.0.0.202411102158/tools/bin/../lib/gcc/arm-none-eabi/13.3.1/../../../../arm-none-eabi/lib/thumb/v7-m/nofp/crt0.o (memset)
/Applications/STM32CubeIDE.app/Contents/Eclipse/plugins/com.st.stm32cube.ide.mcu.externaltools.gnu-tools-for-stm32.13.3.rel1.macos64_1.0.0.202411102158/tools/bin/../lib/gcc/arm-none-eabi/13.3.1/../../../../arm-none-eabi/lib/thumb/v7-m/nofp/libc_nano.a(libc_a-errno.o)
                              ./Core/Src/syscalls.o (__errno)
/Applications/STM32CubeIDE.app/Contents/Eclipse/plugins/com.st.stm32cube.ide.mcu.externaltools.gnu-tools-for-stm32.13.3.rel1.macos64_1.0.0.202411102158/tools/bin/../lib/gcc/arm-none-eabi/13.3.1/../../../../arm-none-eabi/lib/thumb/v7-m/nofp/libc_nano.a(libc_a-init.o)
                              /Applications/STM32CubeIDE.app/Contents/Eclipse/plugins/com.st.stm32cube.ide.mcu.externaltools.gnu-tools-for-stm32.13.3.rel1.macos64_1.0.0.202411102158/tools/bin/../lib/gcc/arm-none-eabi/13.3.1/../../../../arm-none-eabi/lib/thumb/v7-m/nofp/crt0.o (__libc_init_array)
/Applications/STM32CubeIDE.app/Contents/Eclipse/plugins/com.st.stm32cube.ide.mcu.externaltools.gnu-tools-for-stm32.13.3.rel1.macos64_1.0.0.202411102158/tools/bin/../lib/gcc/arm-none-eabi/13.3.1/../../../../arm-none-eabi/lib/thumb/v7-m/nofp/libc_nano.a(libc_a-lock.o)
                              /Applications/STM32CubeIDE.app/Contents/Eclipse/plugins/com.st.stm32cube.ide.mcu.externaltools.gnu-tools-for-stm32.13.3.rel1.macos64_1.0.0.202411102158/tools/bin/../lib/gcc/arm-none-eabi/13.3.1/../../../../arm-none-eabi/lib/thumb/v7-m/nofp/libc_nano.a(libc_a-findfp.o) (__retarget_lock_init_recursive)
/Applications/STM32CubeIDE.app/Contents/Eclipse/plugins/com.st.stm32cube.ide.mcu.externaltools.gnu-tools-for-stm32.13.3.rel1.macos64_1.0.0.202411102158/tools/bin/../lib/gcc/arm-none-eabi/13.3.1/../../../../arm-none-eabi/lib/thumb/v7-m/nofp/libc_nano.a(libc_a-impure.o)
                              /Applications/STM32CubeIDE.app/Contents/Eclipse/plugins/com.st.stm32cube.ide.mcu.externaltools.gnu-tools-for-stm32.13.3.rel1.macos64_1.0.0.202411102158/tools/bin/../lib/gcc/arm-none-eabi/13.3.1/../../../../arm-none-eabi/lib/thumb/v7-m/nofp/libc_nano.a(libc_a-errno.o) (_impure_ptr)
/Applications/STM32CubeIDE.app/Contents/Eclipse/plugins/com.st.stm32cube.ide.mcu.externaltools.gnu-tools-for-stm32.13.3.rel1.macos64_1.0.0.202411102158/tools/bin/../lib/gcc/arm-none-eabi/13.3.1/../../../../arm-none-eabi/lib/thumb/v7-m/nofp/libc_nano.a(libc_a-strlen.o)
                              ./Core/Src/uart.o (strlen)
[...]
Memory Configuration

Name             Origin             Length             Attributes
RAM              0x20000000         0x0000c000         xrw
FLASH            0x08000000         0x00040000         xr
*default*        0x00000000         0xffffffff

Linker script and memory map

LOAD /Applications/STM32CubeIDE.app/Contents/Eclipse/plugins/com.st.stm32cube.ide.mcu.externaltools.gnu-tools-for-stm32.13.3.rel1.macos64_1.0.0.202411102158/tools/bin/../lib/gcc/arm-none-eabi/13.3.1/thumb/v7-m/nofp/crti.o
LOAD /Applications/STM32CubeIDE.app/Contents/Eclipse/plugins/com.st.stm32cube.ide.mcu.externaltools.gnu-tools-for-stm32.13.3.rel1.macos64_1.0.0.202411102158/tools/bin/../lib/gcc/arm-none-eabi/13.3.1/thumb/v7-m/nofp/crtbegin.o
LOAD /Applications/STM32CubeIDE.app/Contents/Eclipse/plugins/com.st.stm32cube.ide.mcu.externaltools.gnu-tools-for-stm32.13.3.rel1.macos64_1.0.0.202411102158/tools/bin/../lib/gcc/arm-none-eabi/13.3.1/../../../../arm-none-eabi/lib/thumb/v7-m/nofp/crt0.o
LOAD ./Core/Src/adc.o
LOAD ./Core/Src/button.o
LOAD ./Core/Src/buzzer.o
LOAD ./Core/Src/display.o
LOAD ./Core/Src/dma.o
LOAD ./Core/Src/encoder.o
LOAD ./Core/Src/follow_line.o
LOAD ./Core/Src/gamepad.o
LOAD ./Core/Src/gpio.o
LOAD ./Core/Src/i2c.o
LOAD ./Core/Src/line_sensor.o
LOAD ./Core/Src/main.o
LOAD ./Core/Src/module_mke_m15.o
LOAD ./Core/Src/motor.o
LOAD ./Core/Src/pid.o
LOAD ./Core/Src/robot_firmware.o
LOAD ./Core/Src/servo.o
LOAD ./Core/Src/software_timer.o
LOAD ./Core/Src/spi.o
LOAD ./Core/Src/step_motor.o
LOAD ./Core/Src/stm32f1xx_hal_msp.o
LOAD ./Core/Src/stm32f1xx_it.o
LOAD ./Core/Src/switch.o
LOAD ./Core/Src/syscalls.o
LOAD ./Core/Src/sysmem.o
LOAD ./Core/Src/system_stm32f1xx.o
LOAD ./Core/Src/tim.o
LOAD ./Core/Src/uart.o
LOAD ./Core/Src/usart.o
LOAD ./Core/Src/utils.o
LOAD ./Core/Startup/startup_stm32f103rctx.o
LOAD ./Drivers/STM32F1xx_HAL_Driver/Src/stm32f1xx_hal.o
LOAD ./Drivers/STM32F1xx_HAL_Driver/Src/stm32f1xx_hal_adc.o
LOAD ./Drivers/STM32F1xx_HAL_Driver/Src/stm32f1xx_hal_adc_ex.o
LOAD ./Drivers/STM32F1xx_HAL_Driver/Src/stm32f1xx_hal_cortex.o
LOAD ./Drivers/STM32F1xx_HAL_Driver/Src/stm32f1xx_hal_dma.o
LOAD ./Drivers/STM32F1xx_HAL_Driver/Src/stm32f1xx_hal_exti.o
LOAD ./Drivers/STM32F1xx_HAL_Driver/Src/stm32f1xx_hal_flash.o
LOAD ./Drivers/STM32F1xx_HAL_Driver/Src/stm32f1xx_hal_flash_ex.o
LOAD ./Drivers/STM32F1xx_HAL_Driver/Src/stm32f1xx_hal_gpio.o
LOAD ./Drivers/STM32F1xx_HAL_Driver/Src/stm32f1xx_hal_gpio_ex.o
LOAD ./Drivers/STM32F1xx_HAL_Driver/Src/stm32f1xx_hal_i2c.o
LOAD ./Drivers/STM32F1xx_HAL_Driver/Src/stm32f1xx_hal_pwr.o
LOAD ./Drivers/STM32F1xx_HAL_Driver/Src/stm32f1xx_hal_rcc.o
LOAD ./Drivers/STM32F1xx_HAL_Driver/Src/stm32f1xx_hal_rcc_ex.o
LOAD ./Drivers/STM32F1xx_HAL_Driver/Src/stm32f1xx_hal_spi.o
LOAD ./Drivers/STM32F1xx_HAL_Driver/Src/stm32f1xx_hal_tim.o
LOAD ./Drivers/STM32F1xx_HAL_Driver/Src/stm32f1xx_hal_tim_ex.o
LOAD ./Drivers/STM32F1xx_HAL_Driver/Src/stm32f1xx_hal_uart.o
START GROUP
LOAD /Applications/STM32CubeIDE.app/Contents/Eclipse/plugins/com.st.stm32cube.ide.mcu.externaltools.gnu-tools-for-stm32.13.3.rel1.macos64_1.0.0.202411102158/tools/bin/../lib/gcc/arm-none-eabi/13.3.1/../../../../arm-none-eabi/lib/thumb/v7-m/nofp/libc_nano.a
LOAD /Applications/STM32CubeIDE.app/Contents/Eclipse/plugins/com.st.stm32cube.ide.mcu.externaltools.gnu-tools-for-stm32.13.3.rel1.macos64_1.0.0.202411102158/tools/bin/../lib/gcc/arm-none-eabi/13.3.1/../../../../arm-none-eabi/lib/thumb/v7-m/nofp/libm.a
END GROUP
START GROUP
LOAD /Applications/STM32CubeIDE.app/Contents/Eclipse/plugins/com.st.stm32cube.ide.mcu.externaltools.gnu-tools-for-stm32.13.3.rel1.macos64_1.0.0.202411102158/tools/bin/../lib/gcc/arm-none-eabi/13.3.1/thumb/v7-m/nofp/libgcc.a
LOAD /Applications/STM32CubeIDE.app/Contents/Eclipse/plugins/com.st.stm32cube.ide.mcu.externaltools.gnu-tools-for-stm32.13.3.rel1.macos64_1.0.0.202411102158/tools/bin/../lib/gcc/arm-none-eabi/13.3.1/../../../../arm-none-eabi/lib/thumb/v7-m/nofp/libc_nano.a
END GROUP
START GROUP
LOAD /Applications/STM32CubeIDE.app/Contents/Eclipse/plugins/com.st.stm32cube.ide.mcu.externaltools.gnu-tools-for-stm32.13.3.rel1.macos64_1.0.0.202411102158/tools/bin/../lib/gcc/arm-none-eabi/13.3.1/thumb/v7-m/nofp/libgcc.a
LOAD /Applications/STM32CubeIDE.app/Contents/Eclipse/plugins/com.st.stm32cube.ide.mcu.externaltools.gnu-tools-for-stm32.13.3.rel1.macos64_1.0.0.202411102158/tools/bin/../lib/gcc/arm-none-eabi/13.3.1/../../../../arm-none-eabi/lib/thumb/v7-m/nofp/libc_nano.a
LOAD /Applications/STM32CubeIDE.app/Contents/Eclipse/plugins/com.st.stm32cube.ide.mcu.externaltools.gnu-tools-for-stm32.13.3.rel1.macos64_1.0.0.202411102158/tools/bin/../lib/gcc/arm-none-eabi/13.3.1/../../../../arm-none-eabi/lib/thumb/v7-m/nofp/libnosys.a
END GROUP
START GROUP
LOAD /Applications/STM32CubeIDE.app/Contents/Eclipse/plugins/com.st.stm32cube.ide.mcu.externaltools.gnu-tools-for-stm32.13.3.rel1.macos64_1.0.0.202411102158/tools/bin/../lib/gcc/arm-none-eabi/13.3.1/thumb/v7-m/nofp/libgcc.a
LOAD /Applications/STM32CubeIDE.app/Contents/Eclipse/plugins/com.st.stm32cube.ide.mcu.externaltools.gnu-tools-for-stm32.13.3.rel1.macos64_1.0.0.202411102158/tools/bin/../lib/gcc/arm-none-eabi/13.3.1/../../../../arm-none-eabi/lib/thumb/v7-m/nofp/libc_nano.a
LOAD /Applications/STM32CubeIDE.app/Contents/Eclipse/plugins/com.st.stm32cube.ide.mcu.externaltools.gnu-tools-for-stm32.13.3.rel1.macos64_1.0.0.202411102158/tools/bin/../lib/gcc/arm-none-eabi/13.3.1/../../../../arm-none-eabi/lib/thumb/v7-m/nofp/libnosys.a
END GROUP
LOAD /Applications/STM32CubeIDE.app/Contents/Eclipse/plugins/com.st.stm32cube.ide.mcu.externaltools.gnu-tools-for-stm32.13.3.rel1.macos64_1.0.0.202411102158/tools/bin/../lib/gcc/arm-none-eabi/13.3.1/thumb/v7-m/nofp/crtend.o
LOAD /Applications/STM32CubeIDE.app/Contents/Eclipse/plugins/com.st.stm32cube.ide.mcu.externaltools.gnu-tools-for-stm32.13.3.rel1.macos64_1.0.0.202411102158/tools/bin/../lib/gcc/arm-none-eabi/13.3.1/thumb/v7-m/nofp/crtn.o
                0x2000c000                        _estack = (ORIGIN (RAM) + LENGTH (RAM))
                0x00000200                        _Min_Heap_Size = 0x200
                0x00000400                        _Min_Stack_Size = 0x400

.isr_vector     0x08000000      0x1e4
                0x08000000                        . = ALIGN (0x4)
 *(.isr_vector)
 .isr_vector    0x08000000      0x1e4 ./Core/Startup/startup_stm32f103rctx.o
                0x08000000                g_pfnVectors
                0x080001e4                        . = ALIGN (0x4)

.text           0x080001e4     0x988c
                0x080001e4                        . = ALIGN (0x4)
 *(.text)
 .text          0x080001e4       0x40 /Applications/STM32CubeIDE.app/Contents/Eclipse/plugins/com.st.stm32cube.ide.mcu.externaltools.gnu-tools-for-stm32.13.3.rel1.macos64_1.0.0.202411102158/tools/bin/../lib/gcc/arm-none-eabi/13.3.1/thumb/v7-m/nofp/crtbegin.o
 .text          0x08000224       0x10 /Applications/STM32CubeIDE.app/Contents/Eclipse/plugins/com.st.stm32cube.ide.mcu.externaltools.gnu-tools-for-stm32.13.3.rel1.macos64_1.0.0.202411102158/tools/bin/../lib/gcc/arm-none-eabi/13.3.1/../../../../arm-none-eabi/lib/thumb/v7-m/nofp/libc_nano.a(libc_a-strlen.o)
                0x08000224                strlen
 *(.text*)
 .text.MX_ADC1_Init
                0x08000234      0x144 ./Core/Src/adc.o
                0x08000234                MX_ADC1_Init
 .text.HAL_ADC_MspInit
                0x08000378      0x100 ./Core/Src/adc.o
                0x08000378                HAL_ADC_MspInit
 .text.initButton
                0x08000478       0x50 ./Core/Src/button.o
                0x08000478                initButton
 .text.scanButton
                0x080004c8       0x8c ./Core/Src/button.o
                0x080004c8                scanButton
 .text.isButtonPressed
                0x08000554       0x3c ./Core/Src/button.o
                0x08000554                isButtonPressed
 .text.initBuzzer
                0x08000590       0x40 ./Core/Src/buzzer.o
                0x08000590                initBuzzer
 .text.setFreqBuzzer
                0x080005d0       0x9c ./Core/Src/buzzer.o
                0x080005d0                setFreqBuzzer
 .text.stopBuzzer
                0x0800066c       0x14 ./Core/Src/buzzer.o
                0x0800066c                stopBuzzer
 .text.initDisplay
                0x08000680       0x5c ./Core/Src/display.o
                0x08000680                initDisplay
 .text.displayScan
                0x080006dc      0x100 ./Core/Src/display.o
                0x080006dc                displayScan
 .text.displayLed7Seg
                0x080007dc       0x58 ./Core/Src/display.o
                0x080007dc                displayLed7Seg
 .text.mirrorByte
                0x08000834       0x6c ./Core/Src/display.o
                0x08000834                mirrorByte
 .text.displayLeds
                0x080008a0       0x28 ./Core/Src/display.o
                0x080008a0                displayLeds
 .text.toggleLedDebug
                0x080008c8       0x18 ./Core/Src/display.o
                0x080008c8                toggleLedDebug
 .text.MX_DMA_Init
                0x080008e0       0x3c ./Core/Src/dma.o
                0x080008e0                MX_DMA_Init
 .text.scanEncoder
                0x0800091c       0xac ./Core/Src/encoder.o
                0x0800091c                scanEncoder
 .text.getPulseCount
                0x080009c8       0x20 ./Core/Src/encoder.o
                0x080009c8                getPulseCount
 .text.followLine
                0x080009e8      0x128 ./Core/Src/follow_line.o
                0x080009e8                followLine
 .text.turnRightAtCross
                0x08000b10      0x1a4 ./Core/Src/follow_line.o
                0x08000b10                turnRightAtCross
 .text.turnLeftAtCross
                0x08000cb4      0x1a4 ./Core/Src/follow_line.o
                0x08000cb4                turnLeftAtCross
 .text.turnAroundAtCross
                0x08000e58       0xf0 ./Core/Src/follow_line.o
                0x08000e58                turnAroundAtCross
 .text.disableFollowLine
                0x08000f48       0x18 ./Core/Src/follow_line.o
                0x08000f48                disableFollowLine
 .text.enableFollowLine
                0x08000f60       0x18 ./Core/Src/follow_line.o
                0x08000f60                enableFollowLine
 .text.getCrossCount
                0x08000f78       0x18 ./Core/Src/follow_line.o
                0x08000f78                getCrossCount
 .text.initGamepad
                0x08000f90       0x44 ./Core/Src/gamepad.o
                0x08000f90                initGamepad
 .text.readGamepadData
                0x08000fd4       0x34 ./Core/Src/gamepad.o
                0x08000fd4                readGamepadData
 .text.isGamepadButtonPressed
                0x08001008      0x154 ./Core/Src/gamepad.o
                0x08001008                isGamepadButtonPressed
 .text.getGamepadData
                0x0800115c       0x14 ./Core/Src/gamepad.o
                0x0800115c                getGamepadData
 .text.MX_GPIO_Init
                0x08001170      0x158 ./Core/Src/gpio.o
                0x08001170                MX_GPIO_Init
 .text.MX_I2C2_Init
                0x080012c8       0x5c ./Core/Src/i2c.o
                0x080012c8                MX_I2C2_Init
 .text.HAL_I2C_MspInit
                0x08001324       0x80 ./Core/Src/i2c.o
                0x08001324                HAL_I2C_MspInit
 .text.calibSensor
                0x080013a4       0x44 ./Core/Src/line_sensor.o
                0x080013a4                calibSensor
 .text.scanSensor
                0x080013e8       0x58 ./Core/Src/line_sensor.o
                0x080013e8                scanSensor
 .text.getLineStatus
                0x08001440      0x1a8 ./Core/Src/line_sensor.o
                0x08001440                getLineStatus
 .text.getSensorState
                0x080015e8       0x14 ./Core/Src/line_sensor.o
                0x080015e8                getSensorState
 .text.getSensorCalibValue
                0x080015fc       0x14 ./Core/Src/line_sensor.o
                0x080015fc                getSensorCalibValue
 .text.getSensorValue
                0x08001610       0x14 ./Core/Src/line_sensor.o
                0x08001610                getSensorValue
 .text.processSensorBuffer
                0x08001624       0x74 ./Core/Src/line_sensor.o
                0x08001624                processSensorBuffer
 .text.main     0x08001698       0x54 ./Core/Src/main.o
                0x08001698                main
 .text.SystemClock_Config
                0x080016ec       0xba ./Core/Src/main.o
                0x080016ec                SystemClock_Config
 .text.Error_Handler
                0x080017a6        0xc ./Core/Src/main.o
                0x080017a6                Error_Handler
 *fill*         0x080017b2        0x2 
 .text.initModuleMKE
                0x080017b4       0x28 ./Core/Src/module_mke_m15.o
                0x080017b4                initModuleMKE
 .text.readSWGamepadData
                0x080017dc       0xa8 ./Core/Src/module_mke_m15.o
                0x080017dc                readSWGamepadData
 .text.isSWGamepadButtonPressed
                0x08001884      0x104 ./Core/Src/module_mke_m15.o
                0x08001884                isSWGamepadButtonPressed
 .text.getSWGamepadData
                0x08001988       0x14 ./Core/Src/module_mke_m15.o
                0x08001988                getSWGamepadData
 .text.initMotor
                0x0800199c       0x50 ./Core/Src/motor.o
                0x0800199c                initMotor
 .text.setSpeed
                0x080019ec       0x78 ./Core/Src/motor.o
                0x080019ec                setSpeed
 .text.motor1Rotates
                0x08001a64       0x54 ./Core/Src/motor.o
                0x08001a64                motor1Rotates
 .text.motor2Rotates
                0x08001ab8       0x54 ./Core/Src/motor.o
                0x08001ab8                motor2Rotates
 .text.motor3Rotates
                0x08001b0c       0x50 ./Core/Src/motor.o
                0x08001b0c                motor3Rotates
 .text.motor4Rotates
                0x08001b5c       0x50 ./Core/Src/motor.o
                0x08001b5c                motor4Rotates
 .text.motorStop
                0x08001bac       0x20 ./Core/Src/motor.o
                0x08001bac                motorStop
 .text.moveForward
                0x08001bcc       0x28 ./Core/Src/motor.o
                0x08001bcc                moveForward
 .text.moveBackward
                0x08001bf4       0x38 ./Core/Src/motor.o
                0x08001bf4                moveBackward
 .text.moveLeft
                0x08001c2c       0x30 ./Core/Src/motor.o
                0x08001c2c                moveLeft
 .text.moveRight
                0x08001c5c       0x30 ./Core/Src/motor.o
                0x08001c5c                moveRight
 .text.moveFrontLeft
                0x08001c8c       0x28 ./Core/Src/motor.o
                0x08001c8c                moveFrontLeft
 .text.moveFrontRight
                0x08001cb4       0x28 ./Core/Src/motor.o
                0x08001cb4                moveFrontRight
 .text.moveBackLeft
                0x08001cdc       0x30 ./Core/Src/motor.o
                0x08001cdc                moveBackLeft
 .text.moveBackRight
                0x08001d0c       0x30 ./Core/Src/motor.o
                0x08001d0c                moveBackRight
 .text.rotateLeft
                0x08001d3c       0x30 ./Core/Src/motor.o
                0x08001d3c                rotateLeft
 .text.rotateRight
                0x08001d6c       0x30 ./Core/Src/motor.o
                0x08001d6c                rotateRight
 .text.moveDirection
                0x08001d9c       0xa4 ./Core/Src/motor.o
                0x08001d9c                moveDirection
 .text.getModeId
                0x08001e40       0x58 ./Core/Src/robot_firmware.o
                0x08001e40                getModeId
 .text.initSystem
                0x08001e98       0x54 ./Core/Src/robot_firmware.o
                0x08001e98                initSystem
 .text.setupRobot
                0x08001eec      0x1b8 ./Core/Src/robot_firmware.o
                0x08001eec                setupRobot
 .text.processRobot
                0x080020a4      0xab8 ./Core/Src/robot_firmware.o
                0x080020a4                processRobot
 .text.initServo
                0x08002b5c       0x50 ./Core/Src/servo.o
                0x08002b5c                initServo
 .text.servoSetAngle
                0x08002bac       0x98 ./Core/Src/servo.o
                0x08002bac                servoSetAngle
 .text.initTimer2
                0x08002c44       0x3c ./Core/Src/software_timer.o
                0x08002c44                initTimer2
 .text.sTimer2Set
                0x08002c80       0x38 ./Core/Src/software_timer.o
                0x08002c80                sTimer2Set
 .text.sTimer2GetFlag
                0x08002cb8       0x34 ./Core/Src/software_timer.o
                0x08002cb8                sTimer2GetFlag
 .text.HAL_TIM_PeriodElapsedCallback
                0x08002cec       0x4c ./Core/Src/software_timer.o
                0x08002cec                HAL_TIM_PeriodElapsedCallback
 .text.MX_SPI1_Init
                0x08002d38       0x6c ./Core/Src/spi.o
                0x08002d38                MX_SPI1_Init
 .text.HAL_SPI_MspInit
                0x08002da4       0x94 ./Core/Src/spi.o
                0x08002da4                HAL_SPI_MspInit
 .text.moveStepMotor
                0x08002e38       0xa0 ./Core/Src/step_motor.o
                0x08002e38                moveStepMotor
 .text.HAL_TIM_PWM_PulseFinishedCallback
                0x08002ed8       0xac ./Core/Src/step_motor.o
                0x08002ed8                HAL_TIM_PWM_PulseFinishedCallback
 .text.stopStepMotor
                0x08002f84       0x2c ./Core/Src/step_motor.o
                0x08002f84                stopStepMotor
 .text.HAL_MspInit
                0x08002fb0       0x64 ./Core/Src/stm32f1xx_hal_msp.o
                0x08002fb0                HAL_MspInit
 .text.NMI_Handler
                0x08003014        0x8 ./Core/Src/stm32f1xx_it.o
                0x08003014                NMI_Handler
 .text.HardFault_Handler
                0x0800301c        0x8 ./Core/Src/stm32f1xx_it.o
                0x0800301c                HardFault_Handler
 .text.MemManage_Handler
                0x08003024        0x8 ./Core/Src/stm32f1xx_it.o
                0x08003024                MemManage_Handler
 .text.BusFault_Handler
                0x0800302c        0x8 ./Core/Src/stm32f1xx_it.o
                0x0800302c                BusFault_Handler
 .text.UsageFault_Handler
                0x08003034        0x8 ./Core/Src/stm32f1xx_it.o
                0x08003034                UsageFault_Handler
 .text.SVC_Handler
                0x0800303c        0xc ./Core/Src/stm32f1xx_it.o
                0x0800303c                SVC_Handler
 .text.DebugMon_Handler
                0x08003048        0xc ./Core/Src/stm32f1xx_it.o
                0x08003048                DebugMon_Handler
 .text.PendSV_Handler
                0x08003054        0xc ./Core/Src/stm32f1xx_it.o
                0x08003054                PendSV_Handler
 .text.SysTick_Handler
                0x08003060        0xc ./Core/Src/stm32f1xx_it.o
                0x08003060                SysTick_Handler
 .text.DMA1_Channel1_IRQHandler
                0x0800306c       0x14 ./Core/Src/stm32f1xx_it.o
                0x0800306c                DMA1_Channel1_IRQHandler
 .text.TIM2_IRQHandler
                0x08003080       0x14 ./Core/Src/stm32f1xx_it.o
                0x08003080                TIM2_IRQHandler
 .text.TIM3_IRQHandler
                0x08003094       0x14 ./Core/Src/stm32f1xx_it.o
                0x08003094                TIM3_IRQHandler
 .text.TIM4_IRQHandler
                0x080030a8       0x14 ./Core/Src/stm32f1xx_it.o
                0x080030a8                TIM4_IRQHandler
 .text.USART1_IRQHandler
                0x080030bc       0x14 ./Core/Src/stm32f1xx_it.o
                0x080030bc                USART1_IRQHandler
 .text.USART2_IRQHandler
                0x080030d0       0x14 ./Core/Src/stm32f1xx_it.o
                0x080030d0                USART2_IRQHandler
 .text.initSwitch
                0x080030e4       0x50 ./Core/Src/switch.o
                0x080030e4                initSwitch
 .text.getSwitchStatus
                0x08003134       0x84 ./Core/Src/switch.o
                0x08003134                getSwitchStatus
 .text.SystemInit
                0x080031b8        0xc ./Core/Src/system_stm32f1xx.o
                0x080031b8                SystemInit
 .text.MX_TIM2_Init
                0x080031c4       0x98 ./Core/Src/tim.o
                0x080031c4                MX_TIM2_Init
 .text.MX_TIM3_Init
                0x0800325c       0xec ./Core/Src/tim.o
                0x0800325c                MX_TIM3_Init
 .text.MX_TIM4_Init
                0x08003348      0x11c ./Core/Src/tim.o
                0x08003348                MX_TIM4_Init
 .text.MX_TIM5_Init
                0x08003464       0xec ./Core/Src/tim.o
                0x08003464                MX_TIM5_Init
 .text.MX_TIM8_Init
                0x08003550      0x150 ./Core/Src/tim.o
                0x08003550                MX_TIM8_Init
 .text.HAL_TIM_Base_MspInit
                0x080036a0       0xe0 ./Core/Src/tim.o
                0x080036a0                HAL_TIM_Base_MspInit
 .text.HAL_TIM_PWM_MspInit
                0x08003780       0x3c ./Core/Src/tim.o
                0x08003780                HAL_TIM_PWM_MspInit
 .text.HAL_TIM_MspPostInit
                0x080037bc      0x158 ./Core/Src/tim.o
                0x080037bc                HAL_TIM_MspPostInit
 .text.initUartReceiveIT
                0x08003914       0x84 ./Core/Src/uart.o
                0x08003914                initUartReceiveIT
 .text.uartTransmitString
                0x08003998       0x54 ./Core/Src/uart.o
                0x08003998                uartTransmitString
 .text.uartTransmit8b
                0x080039ec       0x58 ./Core/Src/uart.o
                0x080039ec                uartTransmit8b
 .text.getFlagUart1
                0x08003a44       0x28 ./Core/Src/uart.o
                0x08003a44                getFlagUart1
 .text.getBufferUart1
                0x08003a6c       0x14 ./Core/Src/uart.o
                0x08003a6c                getBufferUart1
 .text.getBufferUart2
                0x08003a80       0x14 ./Core/Src/uart.o
                0x08003a80                getBufferUart2
 .text.HAL_UART_RxCpltCallback
                0x08003a94       0x64 ./Core/Src/uart.o
                0x08003a94                HAL_UART_RxCpltCallback
 .text.MX_USART1_UART_Init
                0x08003af8       0x54 ./Core/Src/usart.o
                0x08003af8                MX_USART1_UART_Init
 .text.MX_USART2_UART_Init
                0x08003b4c       0x54 ./Core/Src/usart.o
                0x08003b4c                MX_USART2_UART_Init
 .text.HAL_UART_MspInit
                0x08003ba0      0x128 ./Core/Src/usart.o
                0x08003ba0                HAL_UART_MspInit
 .text.uint32_to_bytes
                0x08003cc8       0x94 ./Core/Src/utils.o
                0x08003cc8                uint32_to_bytes
 .text.uint16_to_bytes
                0x08003d5c       0x62 ./Core/Src/utils.o
                0x08003d5c                uint16_to_bytes
 *fill*         0x08003dbe        0x2 
 .text.Reset_Handler
                0x08003dc0       0x48 ./Core/Startup/startup_stm32f103rctx.o
                0x08003dc0                Reset_Handler
 .text.Default_Handler
                0x08003e08        0x2 ./Core/Startup/startup_stm32f103rctx.o
                0x08003e08                DMA2_Channel3_IRQHandler
                0x08003e08                EXTI2_IRQHandler
                0x08003e08                TIM8_TRG_COM_IRQHandler
                0x08003e08                TIM8_CC_IRQHandler
                0x08003e08                TIM1_CC_IRQHandler
                0x08003e08                TIM6_IRQHandler
                0x08003e08                PVD_IRQHandler
                0x08003e08                SDIO_IRQHandler
                0x08003e08                EXTI3_IRQHandler
                0x08003e08                EXTI0_IRQHandler
                0x08003e08                I2C2_EV_IRQHandler
                0x08003e08                ADC1_2_IRQHandler
                0x08003e08                SPI1_IRQHandler
                0x08003e08                TAMPER_IRQHandler
                0x08003e08                TIM8_UP_IRQHandler
                0x08003e08                DMA2_Channel2_IRQHandler
                0x08003e08                DMA1_Channel4_IRQHandler
                0x08003e08                USART3_IRQHandler
                0x08003e08                RTC_IRQHandler
                0x08003e08                DMA1_Channel7_IRQHandler
                0x08003e08                CAN1_RX1_IRQHandler
                0x08003e08                UART5_IRQHandler
                0x08003e08                ADC3_IRQHandler
                0x08003e08                DMA2_Channel1_IRQHandler
                0x08003e08                I2C1_EV_IRQHandler
                0x08003e08                DMA1_Channel6_IRQHandler
                0x08003e08                UART4_IRQHandler
                0x08003e08                RCC_IRQHandler
                0x08003e08                TIM1_TRG_COM_IRQHandler
                0x08003e08                Default_Handler
                0x08003e08                EXTI15_10_IRQHandler
                0x08003e08                TIM7_IRQHandler
                0x08003e08                TIM5_IRQHandler
                0x08003e08                EXTI9_5_IRQHandler
                0x08003e08                SPI2_IRQHandler
                0x08003e08                DMA1_Channel5_IRQHandler
                0x08003e08                EXTI4_IRQHandler
                0x08003e08                USB_LP_CAN1_RX0_IRQHandler
                0x08003e08                USB_HP_CAN1_TX_IRQHandler
                0x08003e08                DMA1_Channel3_IRQHandler
                0x08003e08                FSMC_IRQHandler
                0x08003e08                TIM1_UP_IRQHandler
                0x08003e08                WWDG_IRQHandler
                0x08003e08                TIM1_BRK_IRQHandler
                0x08003e08                EXTI1_IRQHandler
                0x08003e08                DMA2_Channel4_5_IRQHandler
                0x08003e08                I2C2_ER_IRQHandler
                0x08003e08                DMA1_Channel2_IRQHandler
                0x08003e08                TIM8_BRK_IRQHandler
                0x08003e08                CAN1_SCE_IRQHandler
                0x08003e08                FLASH_IRQHandler
                0x08003e08                SPI3_IRQHandler
                0x08003e08                I2C1_ER_IRQHandler
                0x08003e08                USBWakeUp_IRQHandler
                0x08003e08                RTC_Alarm_IRQHandler
 *fill*         0x08003e0a        0x2 
 .text.HAL_Init
                0x08003e0c       0x2c ./Drivers/STM32F1xx_HAL_Driver/Src/stm32f1xx_hal.o
                0x08003e0c                HAL_Init
 .text.HAL_InitTick
                0x08003e38       0x60 ./Drivers/STM32F1xx_HAL_Driver/Src/stm32f1xx_hal.o
                0x08003e38                HAL_InitTick
 .text.HAL_IncTick
                0x08003e98       0x24 ./Drivers/STM32F1xx_HAL_Driver/Src/stm32f1xx_hal.o
                0x08003e98                HAL_IncTick
 .text.HAL_GetTick
                0x08003ebc       0x14 ./Drivers/STM32F1xx_HAL_Driver/Src/stm32f1xx_hal.o
                0x08003ebc                HAL_GetTick
 .text.HAL_Delay
                0x08003ed0       0x48 ./Drivers/STM32F1xx_HAL_Driver/Src/stm32f1xx_hal.o
                0x08003ed0                HAL_Delay
 .text.HAL_ADC_Init
                0x08003f18      0x1d4 ./Drivers/STM32F1xx_HAL_Driver/Src/stm32f1xx_hal_adc.o
                0x08003f18                HAL_ADC_Init
 .text.HAL_ADC_Start_DMA
                0x080040ec      0x1bc ./Drivers/STM32F1xx_HAL_Driver/Src/stm32f1xx_hal_adc.o
                0x080040ec                HAL_ADC_Start_DMA
 .text.HAL_ADC_ConvCpltCallback
                0x080042a8       0x12 ./Drivers/STM32F1xx_HAL_Driver/Src/stm32f1xx_hal_adc.o
                0x080042a8                HAL_ADC_ConvCpltCallback
 .text.HAL_ADC_ConvHalfCpltCallback
                0x080042ba       0x12 ./Drivers/STM32F1xx_HAL_Driver/Src/stm32f1xx_hal_adc.o
                0x080042ba                HAL_ADC_ConvHalfCpltCallback
 .text.HAL_ADC_ErrorCallback
                0x080042cc       0x12 ./Drivers/STM32F1xx_HAL_Driver/Src/stm32f1xx_hal_adc.o
                0x080042cc                HAL_ADC_ErrorCallback
 *fill*         0x080042de        0x2 
 .text.HAL_ADC_ConfigChannel
                0x080042e0      0x1f0 ./Drivers/STM32F1xx_HAL_Driver/Src/stm32f1xx_hal_adc.o
                0x080042e0                HAL_ADC_ConfigChannel
 .text.ADC_Enable
                0x080044d0       0xb4 ./Drivers/STM32F1xx_HAL_Driver/Src/stm32f1xx_hal_adc.o
                0x080044d0                ADC_Enable
 .text.ADC_ConversionStop_Disable
                0x08004584       0x82 ./Drivers/STM32F1xx_HAL_Driver/Src/stm32f1xx_hal_adc.o
                0x08004584                ADC_ConversionStop_Disable
 .text.ADC_DMAConvCplt
                0x08004606       0x7c ./Drivers/STM32F1xx_HAL_Driver/Src/stm32f1xx_hal_adc.o
                0x08004606                ADC_DMAConvCplt
 .text.ADC_DMAHalfConvCplt
                0x08004682       0x1c ./Drivers/STM32F1xx_HAL_Driver/Src/stm32f1xx_hal_adc.o
                0x08004682                ADC_DMAHalfConvCplt
 .text.ADC_DMAError
                0x0800469e       0x34 ./Drivers/STM32F1xx_HAL_Driver/Src/stm32f1xx_hal_adc.o
                0x0800469e                ADC_DMAError
 *fill*         0x080046d2        0x2 
 .text.__NVIC_SetPriorityGrouping
                0x080046d4       0x48 ./Drivers/STM32F1xx_HAL_Driver/Src/stm32f1xx_hal_cortex.o
 .text.__NVIC_GetPriorityGrouping
                0x0800471c       0x1c ./Drivers/STM32F1xx_HAL_Driver/Src/stm32f1xx_hal_cortex.o
 .text.__NVIC_EnableIRQ
                0x08004738       0x38 ./Drivers/STM32F1xx_HAL_Driver/Src/stm32f1xx_hal_cortex.o
 .text.__NVIC_SetPriority
                0x08004770       0x54 ./Drivers/STM32F1xx_HAL_Driver/Src/stm32f1xx_hal_cortex.o
 .text.NVIC_EncodePriority
                0x080047c4       0x64 ./Drivers/STM32F1xx_HAL_Driver/Src/stm32f1xx_hal_cortex.o
 .text.SysTick_Config
                0x08004828       0x44 ./Drivers/STM32F1xx_HAL_Driver/Src/stm32f1xx_hal_cortex.o
 .text.HAL_NVIC_SetPriorityGrouping
                0x0800486c       0x16 ./Drivers/STM32F1xx_HAL_Driver/Src/stm32f1xx_hal_cortex.o
                0x0800486c                HAL_NVIC_SetPriorityGrouping
 .text.HAL_NVIC_SetPriority
                0x08004882       0x38 ./Drivers/STM32F1xx_HAL_Driver/Src/stm32f1xx_hal_cortex.o
                0x08004882                HAL_NVIC_SetPriority
 .text.HAL_NVIC_EnableIRQ
                0x080048ba       0x1c ./Drivers/STM32F1xx_HAL_Driver/Src/stm32f1xx_hal_cortex.o
                0x080048ba                HAL_NVIC_EnableIRQ
 .text.HAL_SYSTICK_Config
                0x080048d6       0x18 ./Drivers/STM32F1xx_HAL_Driver/Src/stm32f1xx_hal_cortex.o
                0x080048d6                HAL_SYSTICK_Config
 *fill*         0x080048ee        0x2 
 .text.HAL_DMA_Init
                0x080048f0       0xec ./Drivers/STM32F1xx_HAL_Driver/Src/stm32f1xx_hal_dma.o
                0x080048f0                HAL_DMA_Init
 .text.HAL_DMA_Start_IT
                0x080049dc       0xc0 ./Drivers/STM32F1xx_HAL_Driver/Src/stm32f1xx_hal_dma.o
                0x080049dc                HAL_DMA_Start_IT
 .text.HAL_DMA_Abort
                0x08004a9c       0x76 ./Drivers/STM32F1xx_HAL_Driver/Src/stm32f1xx_hal_dma.o
                0x08004a9c                HAL_DMA_Abort
 *fill*         0x08004b12        0x2 
 .text.HAL_DMA_Abort_IT
                0x08004b14      0x210 ./Drivers/STM32F1xx_HAL_Driver/Src/stm32f1xx_hal_dma.o
                0x08004b14                HAL_DMA_Abort_IT
 .text.HAL_DMA_IRQHandler
                0x08004d24      0x478 ./Drivers/STM32F1xx_HAL_Driver/Src/stm32f1xx_hal_dma.o
                0x08004d24                HAL_DMA_IRQHandler
 .text.DMA_SetConfig
                0x0800519c       0x5a ./Drivers/STM32F1xx_HAL_Driver/Src/stm32f1xx_hal_dma.o
 *fill*         0x080051f6        0x2 
 .text.HAL_GPIO_Init
                0x080051f8      0x328 ./Drivers/STM32F1xx_HAL_Driver/Src/stm32f1xx_hal_gpio.o
                0x080051f8                HAL_GPIO_Init
 .text.HAL_GPIO_ReadPin
                0x08005520       0x2e ./Drivers/STM32F1xx_HAL_Driver/Src/stm32f1xx_hal_gpio.o
                0x08005520                HAL_GPIO_ReadPin
 .text.HAL_GPIO_WritePin
                0x0800554e       0x30 ./Drivers/STM32F1xx_HAL_Driver/Src/stm32f1xx_hal_gpio.o
                0x0800554e                HAL_GPIO_WritePin
 .text.HAL_GPIO_TogglePin
                0x0800557e       0x32 ./Drivers/STM32F1xx_HAL_Driver/Src/stm32f1xx_hal_gpio.o
                0x0800557e                HAL_GPIO_TogglePin
 .text.HAL_I2C_Init
                0x080055b0      0x288 ./Drivers/STM32F1xx_HAL_Driver/Src/stm32f1xx_hal_i2c.o
                0x080055b0                HAL_I2C_Init
 .text.HAL_I2C_Master_Receive
                0x08005838      0x4d8 ./Drivers/STM32F1xx_HAL_Driver/Src/stm32f1xx_hal_i2c.o
                0x08005838                HAL_I2C_Master_Receive
 .text.HAL_I2C_IsDeviceReady
                0x08005d10      0x25c ./Drivers/STM32F1xx_HAL_Driver/Src/stm32f1xx_hal_i2c.o
                0x08005d10                HAL_I2C_IsDeviceReady
 .text.I2C_MasterRequestRead
                0x08005f6c      0x19c ./Drivers/STM32F1xx_HAL_Driver/Src/stm32f1xx_hal_i2c.o
 .text.I2C_WaitOnFlagUntilTimeout
                0x08006108       0xf4 ./Drivers/STM32F1xx_HAL_Driver/Src/stm32f1xx_hal_i2c.o
 .text.I2C_WaitOnMasterAddressFlagUntilTimeout
                0x080061fc      0x140 ./Drivers/STM32F1xx_HAL_Driver/Src/stm32f1xx_hal_i2c.o
 .text.I2C_WaitOnRXNEFlagUntilTimeout
                0x0800633c       0xba ./Drivers/STM32F1xx_HAL_Driver/Src/stm32f1xx_hal_i2c.o
 *fill*         0x080063f6        0x2 
 .text.HAL_RCC_OscConfig
                0x080063f8      0x504 ./Drivers/STM32F1xx_HAL_Driver/Src/stm32f1xx_hal_rcc.o
                0x080063f8                HAL_RCC_OscConfig
 .text.HAL_RCC_ClockConfig
                0x080068fc      0x1d4 ./Drivers/STM32F1xx_HAL_Driver/Src/stm32f1xx_hal_rcc.o
                0x080068fc                HAL_RCC_ClockConfig
 .text.HAL_RCC_GetSysClockFreq
                0x08006ad0       0xa8 ./Drivers/STM32F1xx_HAL_Driver/Src/stm32f1xx_hal_rcc.o
                0x08006ad0                HAL_RCC_GetSysClockFreq
 .text.HAL_RCC_GetHCLKFreq
                0x08006b78       0x14 ./Drivers/STM32F1xx_HAL_Driver/Src/stm32f1xx_hal_rcc.o
                0x08006b78                HAL_RCC_GetHCLKFreq
 .text.HAL_RCC_GetPCLK1Freq
                0x08006b8c       0x28 ./Drivers/STM32F1xx_HAL_Driver/Src/stm32f1xx_hal_rcc.o
                0x08006b8c                HAL_RCC_GetPCLK1Freq
 .text.HAL_RCC_GetPCLK2Freq
                0x08006bb4       0x28 ./Drivers/STM32F1xx_HAL_Driver/Src/stm32f1xx_hal_rcc.o
                0x08006bb4                HAL_RCC_GetPCLK2Freq
 .text.RCC_Delay
                0x08006bdc       0x3c ./Drivers/STM32F1xx_HAL_Driver/Src/stm32f1xx_hal_rcc.o
 .text.HAL_RCCEx_PeriphCLKConfig
                0x08006c18      0x16c ./Drivers/STM32F1xx_HAL_Driver/Src/stm32f1xx_hal_rcc_ex.o
                0x08006c18                HAL_RCCEx_PeriphCLKConfig
 .text.HAL_SPI_Init
                0x08006d84      0x108 ./Drivers/STM32F1xx_HAL_Driver/Src/stm32f1xx_hal_spi.o
                0x08006d84                HAL_SPI_Init
 .text.HAL_SPI_Transmit
                0x08006e8c      0x288 ./Drivers/STM32F1xx_HAL_Driver/Src/stm32f1xx_hal_spi.o
                0x08006e8c                HAL_SPI_Transmit
 .text.HAL_SPI_Receive
                0x08007114      0x232 ./Drivers/STM32F1xx_HAL_Driver/Src/stm32f1xx_hal_spi.o
                0x08007114                HAL_SPI_Receive
 .text.HAL_SPI_TransmitReceive
                0x08007346      0x352 ./Drivers/STM32F1xx_HAL_Driver/Src/stm32f1xx_hal_spi.o
                0x08007346                HAL_SPI_TransmitReceive
 .text.SPI_WaitFlagStateUntilTimeout
                0x08007698      0x110 ./Drivers/STM32F1xx_HAL_Driver/Src/stm32f1xx_hal_spi.o
 .text.SPI_EndRxTransaction
                0x080077a8       0xa4 ./Drivers/STM32F1xx_HAL_Driver/Src/stm32f1xx_hal_spi.o
 .text.SPI_EndRxTxTransaction
                0x0800784c       0x62 ./Drivers/STM32F1xx_HAL_Driver/Src/stm32f1xx_hal_spi.o
 .text.HAL_TIM_Base_Init
                0x080078ae       0x9e ./Drivers/STM32F1xx_HAL_Driver/Src/stm32f1xx_hal_tim.o
                0x080078ae                HAL_TIM_Base_Init
 .text.HAL_TIM_Base_Start_IT
                0x0800794c       0xc0 ./Drivers/STM32F1xx_HAL_Driver/Src/stm32f1xx_hal_tim.o
                0x0800794c                HAL_TIM_Base_Start_IT
 .text.HAL_TIM_PWM_Init
                0x08007a0c       0x9e ./Drivers/STM32F1xx_HAL_Driver/Src/stm32f1xx_hal_tim.o
                0x08007a0c                HAL_TIM_PWM_Init
 *fill*         0x08007aaa        0x2 
 .text.HAL_TIM_PWM_Start
                0x08007aac      0x174 ./Drivers/STM32F1xx_HAL_Driver/Src/stm32f1xx_hal_tim.o
                0x08007aac                HAL_TIM_PWM_Start
 .text.HAL_TIM_PWM_Stop
                0x08007c20       0xe0 ./Drivers/STM32F1xx_HAL_Driver/Src/stm32f1xx_hal_tim.o
                0x08007c20                HAL_TIM_PWM_Stop
 .text.HAL_TIM_PWM_Start_IT
                0x08007d00      0x210 ./Drivers/STM32F1xx_HAL_Driver/Src/stm32f1xx_hal_tim.o
                0x08007d00                HAL_TIM_PWM_Start_IT
 .text.HAL_TIM_PWM_Stop_IT
                0x08007f10      0x17c ./Drivers/STM32F1xx_HAL_Driver/Src/stm32f1xx_hal_tim.o
                0x08007f10                HAL_TIM_PWM_Stop_IT
 .text.HAL_TIM_IRQHandler
                0x0800808c      0x1e0 ./Drivers/STM32F1xx_HAL_Driver/Src/stm32f1xx_hal_tim.o
                0x0800808c                HAL_TIM_IRQHandler
 .text.HAL_TIM_PWM_ConfigChannel
                0x0800826c      0x184 ./Drivers/STM32F1xx_HAL_Driver/Src/stm32f1xx_hal_tim.o
                0x0800826c                HAL_TIM_PWM_ConfigChannel
 .text.HAL_TIM_ConfigClockSource
                0x080083f0      0x18e ./Drivers/STM32F1xx_HAL_Driver/Src/stm32f1xx_hal_tim.o
                0x080083f0                HAL_TIM_ConfigClockSource
 .text.HAL_TIM_OC_DelayElapsedCallback
                0x0800857e       0x12 ./Drivers/STM32F1xx_HAL_Driver/Src/stm32f1xx_hal_tim.o
                0x0800857e                HAL_TIM_OC_DelayElapsedCallback
 .text.HAL_TIM_IC_CaptureCallback
                0x08008590       0x12 ./Drivers/STM32F1xx_HAL_Driver/Src/stm32f1xx_hal_tim.o
                0x08008590                HAL_TIM_IC_CaptureCallback
 .text.HAL_TIM_TriggerCallback
                0x080085a2       0x12 ./Drivers/STM32F1xx_HAL_Driver/Src/stm32f1xx_hal_tim.o
                0x080085a2                HAL_TIM_TriggerCallback
 .text.TIM_Base_SetConfig
                0x080085b4      0x10c ./Drivers/STM32F1xx_HAL_Driver/Src/stm32f1xx_hal_tim.o
                0x080085b4                TIM_Base_SetConfig
 .text.TIM_OC1_SetConfig
                0x080086c0       0xe0 ./Drivers/STM32F1xx_HAL_Driver/Src/stm32f1xx_hal_tim.o
 .text.TIM_OC2_SetConfig
                0x080087a0       0xe8 ./Drivers/STM32F1xx_HAL_Driver/Src/stm32f1xx_hal_tim.o
                0x080087a0                TIM_OC2_SetConfig
 .text.TIM_OC3_SetConfig
                0x08008888       0xe8 ./Drivers/STM32F1xx_HAL_Driver/Src/stm32f1xx_hal_tim.o
 .text.TIM_OC4_SetConfig
                0x08008970       0xa8 ./Drivers/STM32F1xx_HAL_Driver/Src/stm32f1xx_hal_tim.o
 .text.TIM_TI1_ConfigInputStage
                0x08008a18       0x5c ./Drivers/STM32F1xx_HAL_Driver/Src/stm32f1xx_hal_tim.o
 .text.TIM_TI2_ConfigInputStage
                0x08008a74       0x5e ./Drivers/STM32F1xx_HAL_Driver/Src/stm32f1xx_hal_tim.o
 .text.TIM_ITRx_SetConfig
                0x08008ad2       0x34 ./Drivers/STM32F1xx_HAL_Driver/Src/stm32f1xx_hal_tim.o
 .text.TIM_ETR_SetConfig
                0x08008b06       0x3e ./Drivers/STM32F1xx_HAL_Driver/Src/stm32f1xx_hal_tim.o
                0x08008b06                TIM_ETR_SetConfig
 .text.TIM_CCxChannelCmd
                0x08008b44       0x48 ./Drivers/STM32F1xx_HAL_Driver/Src/stm32f1xx_hal_tim.o
                0x08008b44                TIM_CCxChannelCmd
 .text.HAL_TIMEx_MasterConfigSynchronization
                0x08008b8c       0xd8 ./Drivers/STM32F1xx_HAL_Driver/Src/stm32f1xx_hal_tim_ex.o
                0x08008b8c                HAL_TIMEx_MasterConfigSynchronization
 .text.HAL_TIMEx_ConfigBreakDeadTime
                0x08008c64       0xa2 ./Drivers/STM32F1xx_HAL_Driver/Src/stm32f1xx_hal_tim_ex.o
                0x08008c64                HAL_TIMEx_ConfigBreakDeadTime
 .text.HAL_TIMEx_CommutCallback
                0x08008d06       0x12 ./Drivers/STM32F1xx_HAL_Driver/Src/stm32f1xx_hal_tim_ex.o
                0x08008d06                HAL_TIMEx_CommutCallback
 .text.HAL_TIMEx_BreakCallback
                0x08008d18       0x12 ./Drivers/STM32F1xx_HAL_Driver/Src/stm32f1xx_hal_tim_ex.o
                0x08008d18                HAL_TIMEx_BreakCallback
 .text.HAL_UART_Init
                0x08008d2a       0xa0 ./Drivers/STM32F1xx_HAL_Driver/Src/stm32f1xx_hal_uart.o
                0x08008d2a                HAL_UART_Init
 .text.HAL_UART_Transmit
                0x08008dca      0x116 ./Drivers/STM32F1xx_HAL_Driver/Src/stm32f1xx_hal_uart.o
                0x08008dca                HAL_UART_Transmit
 .text.HAL_UART_Receive_IT
                0x08008ee0       0x4a ./Drivers/STM32F1xx_HAL_Driver/Src/stm32f1xx_hal_uart.o
                0x08008ee0                HAL_UART_Receive_IT
 *fill*         0x08008f2a        0x2 
 .text.HAL_UART_IRQHandler
                0x08008f2c      0x524 ./Drivers/STM32F1xx_HAL_Driver/Src/stm32f1xx_hal_uart.o
                0x08008f2c                HAL_UART_IRQHandler
 .text.HAL_UART_TxCpltCallback
                0x08009450       0x12 ./Drivers/STM32F1xx_HAL_Driver/Src/stm32f1xx_hal_uart.o
                0x08009450                HAL_UART_TxCpltCallback
 .text.HAL_UART_ErrorCallback
                0x08009462       0x12 ./Drivers/STM32F1xx_HAL_Driver/Src/stm32f1xx_hal_uart.o
                0x08009462                HAL_UART_ErrorCallback
 .text.HAL_UARTEx_RxEventCallback
                0x08009474       0x16 ./Drivers/STM32F1xx_HAL_Driver/Src/stm32f1xx_hal_uart.o
                0x08009474                HAL_UARTEx_RxEventCallback
 .text.UART_WaitOnFlagUntilTimeout
                0x0800948a       0xb2 ./Drivers/STM32F1xx_HAL_Driver/Src/stm32f1xx_hal_uart.o
 .text.UART_Start_Receive_IT
                0x0800953c       0x72 ./Drivers/STM32F1xx_HAL_Driver/Src/stm32f1xx_hal_uart.o
                0x0800953c                UART_Start_Receive_IT
 .text.UART_EndRxTransfer
                0x080095ae       0xc4 ./Drivers/STM32F1xx_HAL_Driver/Src/stm32f1xx_hal_uart.o
 .text.UART_DMAAbortOnError
                0x08009672       0x28 ./Drivers/STM32F1xx_HAL_Driver/Src/stm32f1xx_hal_uart.o
 .text.UART_Transmit_IT
                0x0800969a       0x9e ./Drivers/STM32F1xx_HAL_Driver/Src/stm32f1xx_hal_uart.o
 .text.UART_EndTransmit_IT
                0x08009738       0x30 ./Drivers/STM32F1xx_HAL_Driver/Src/stm32f1xx_hal_uart.o
 .text.UART_Receive_IT
                0x08009768      0x17c ./Drivers/STM32F1xx_HAL_Driver/Src/stm32f1xx_hal_uart.o
 .text.UART_SetConfig
                0x080098e4      0x11c ./Drivers/STM32F1xx_HAL_Driver/Src/stm32f1xx_hal_uart.o
 .text.memset   0x08009a00       0x10 /Applications/STM32CubeIDE.app/Contents/Eclipse/plugins/com.st.stm32cube.ide.mcu.externaltools.gnu-tools-for-stm32.13.3.rel1.macos64_1.0.0.202411102158/tools/bin/../lib/gcc/arm-none-eabi/13.3.1/../../../../arm-none-eabi/lib/thumb/v7-m/nofp/libc_nano.a(libc_a-memset.o)
                0x08009a00                memset
 .text.__libc_init_array
                0x08009a10       0x48 /Applications/STM32CubeIDE.app/Contents/Eclipse/plugins/com.st.stm32cube.ide.mcu.externaltools.gnu-tools-for-stm32.13.3.rel1.macos64_1.0.0.202411102158/tools/bin/../lib/gcc/arm-none-eabi/13.3.1/../../../../arm-none-eabi/lib/thumb/v7-m/nofp/libc_nano.a(libc_a-init.o)
                0x08009a10                __libc_init_array
 *(.glue_7)
 .glue_7        0x08009a58        0x0 linker stubs
 *(.glue_7t)
 .glue_7t       0x08009a58        0x0 linker stubs
 *(.eh_frame)
 .eh_frame      0x08009a58        0x0 /Applications/STM32CubeIDE.app/Contents/Eclipse/plugins/com.st.stm32cube.ide.mcu.externaltools.gnu-tools-for-stm32.13.3.rel1.macos64_1.0.0.202411102158/tools/bin/../lib/gcc/arm-none-eabi/13.3.1/thumb/v7-m/nofp/crtbegin.o
 *(.init)
 .init          0x08009a58        0x4 /Applications/STM32CubeIDE.app/Contents/Eclipse/plugins/com.st.stm32cube.ide.mcu.externaltools.gnu-tools-for-stm32.13.3.rel1.macos64_1.0.0.202411102158/tools/bin/../lib/gcc/arm-none-eabi/13.3.1/thumb/v7-m/nofp/crti.o
                0x08009a58                _init
 .init          0x08009a5c        0x8 /Applications/STM32CubeIDE.app/Contents/Eclipse/plugins/com.st.stm32cube.ide.mcu.externaltools.gnu-tools-for-stm32.13.3.rel1.macos64_1.0.0.202411102158/tools/bin/../lib/gcc/arm-none-eabi/13.3.1/thumb/v7-m/nofp/crtn.o
 *(.fini)
 .fini          0x08009a64        0x4 /Applications/STM32CubeIDE.app/Contents/Eclipse/plugins/com.st.stm32cube.ide.mcu.externaltools.gnu-tools-for-stm32.13.3.rel1.macos64_1.0.0.202411102158/tools/bin/../lib/gcc/arm-none-eabi/13.3.1/thumb/v7-m/nofp/crti.o
                0x08009a64                _fini
 .fini          0x08009a68        0x8 /Applications/STM32CubeIDE.app/Contents/Eclipse/plugins/com.st.stm32cube.ide.mcu.externaltools.gnu-tools-for-stm32.13.3.rel1.macos64_1.0.0.202411102158/tools/bin/../lib/gcc/arm-none-eabi/13.3.1/thumb/v7-m/nofp/crtn.o
                0x08009a70                        . = ALIGN (0x4)
                0x08009a70                        _etext = .

.vfp11_veneer   0x08009a70        0x0
 .vfp11_veneer  0x08009a70        0x0 linker stubs

.v4_bx          0x08009a70        0x0
 .v4_bx         0x08009a70        0x0 linker stubs

.iplt           0x08009a70        0x0
 .iplt          0x08009a70        0x0 /Applications/STM32CubeIDE.app/Contents/Eclipse/plugins/com.st.stm32cube.ide.mcu.externaltools.gnu-tools-for-stm32.13.3.rel1.macos64_1.0.0.202411102158/tools/bin/../lib/gcc/arm-none-eabi/13.3.1/thumb/v7-m/nofp/crtbegin.o

.rodata         0x08009a70      0x200
                0x08009a70                        . = ALIGN (0x4)
 *(.rodata)
 .rodata        0x08009a70      0x1af ./Core/Src/robot_firmware.o
 *(.rodata*)
 *fill*         0x08009c1f        0x1 
 .rodata.sensor_map
                0x08009c20        0x8 ./Core/Src/line_sensor.o
                0x08009c20                sensor_map
 .rodata.motor_channel
                0x08009c28       0x10 ./Core/Src/motor.o
                0x08009c28                motor_channel
 .rodata.servo_channel
                0x08009c38        0xc ./Core/Src/servo.o
                0x08009c38                servo_channel
 .rodata.AHBPrescTable
                0x08009c44       0x10 ./Core/Src/system_stm32f1xx.o
                0x08009c44                AHBPrescTable
 .rodata.APBPrescTable
                0x08009c54        0x8 ./Core/Src/system_stm32f1xx.o
                0x08009c54                APBPrescTable
 .rodata.aPLLMULFactorTable.1
                0x08009c5c       0x10 ./Drivers/STM32F1xx_HAL_Driver/Src/stm32f1xx_hal_rcc.o
 .rodata.aPredivFactorTable.0
                0x08009c6c        0x2 ./Drivers/STM32F1xx_HAL_Driver/Src/stm32f1xx_hal_rcc.o
                0x08009c70                        . = ALIGN (0x4)
 *fill*         0x08009c6e        0x2 

.ARM.extab      0x08009c70        0x0
                0x08009c70                        . = ALIGN (0x4)
 *(.ARM.extab* .gnu.linkonce.armextab.*)
                0x08009c70                        . = ALIGN (0x4)

.ARM            0x08009c70        0x8
                0x08009c70                        . = ALIGN (0x4)
                0x08009c70                        __exidx_start = .
 *(.ARM.exidx*)
 .ARM.exidx     0x08009c70        0x8 /Applications/STM32CubeIDE.app/Contents/Eclipse/plugins/com.st.stm32cube.ide.mcu.externaltools.gnu-tools-for-stm32.13.3.rel1.macos64_1.0.0.202411102158/tools/bin/../lib/gcc/arm-none-eabi/13.3.1/../../../../arm-none-eabi/lib/thumb/v7-m/nofp/libc_nano.a(libc_a-strlen.o)
                0x08009c78                        __exidx_end = .
                0x08009c78                        . = ALIGN (0x4)

.preinit_array  0x08009c78        0x0
                0x08009c78                        . = ALIGN (0x4)
                0x08009c78                        PROVIDE (__preinit_array_start = .)
 *(.preinit_array*)
                0x08009c78                        PROVIDE (__preinit_array_end = .)
                0x08009c78                        . = ALIGN (0x4)

.init_array     0x08009c78        0x4
                0x08009c78                        . = ALIGN (0x4)
                0x08009c78                        PROVIDE (__init_array_start = .)
 *(SORT_BY_NAME(.init_array.*))
 *(.init_array*)
 .init_array    0x08009c78        0x4 /Applications/STM32CubeIDE.app/Contents/Eclipse/plugins/com.st.stm32cube.ide.mcu.externaltools.gnu-tools-for-stm32.13.3.rel1.macos64_1.0.0.202411102158/tools/bin/../lib/gcc/arm-none-eabi/13.3.1/thumb/v7-m/nofp/crtbegin.o
                0x08009c7c                        PROVIDE (__init_array_end = .)
                0x08009c7c                        . = ALIGN (0x4)

.fini_array     0x08009c7c        0x4
                0x08009c7c                        . = ALIGN (0x4)
                [!provide]                        PROVIDE (__fini_array_start = .)
 *(SORT_BY_NAME(.fini_array.*))
 *(.fini_array*)
 .fini_array    0x08009c7c        0x4 /Applications/STM32CubeIDE.app/Contents/Eclipse/plugins/com.st.stm32cube.ide.mcu.externaltools.gnu-tools-for-stm32.13.3.rel1.macos64_1.0.0.202411102158/tools/bin/../lib/gcc/arm-none-eabi/13.3.1/thumb/v7-m/nofp/crtbegin.o
                [!provide]                        PROVIDE (__fini_array_end = .)
                0x08009c80                        . = ALIGN (0x4)
                0x08009c80                        _sidata = LOADADDR (.data)

.rel.dyn        0x08009c80        0x0
 .rel.iplt      0x08009c80        0x0 /Applications/STM32CubeIDE.app/Contents/Eclipse/plugins/com.st.stm32cube.ide.mcu.externaltools.gnu-tools-for-stm32.13.3.rel1.macos64_1.0.0.202411102158/tools/bin/../lib/gcc/arm-none-eabi/13.3.1/thumb/v7-m/nofp/crtbegin.o

.data           0x20000000       0x34 load address 0x08009c80
                0x20000000                        . = ALIGN (0x4)
                0x20000000                        _sdata = .
 *(.data)
 *(.data*)
 .data.display_7seg_map
                0x20000000        0xa ./Core/Src/display.o
                0x20000000                display_7seg_map
 .data.spi_buffer
                0x2000000a        0x1 ./Core/Src/display.o
                0x2000000a                spi_buffer
 *fill*         0x2000000b        0x1 
 .data.ENCODER_A_PORT
                0x2000000c       0x10 ./Core/Src/encoder.o
                0x2000000c                ENCODER_A_PORT
 .data.ENCODER_A_PIN
                0x2000001c        0x8 ./Core/Src/encoder.o
                0x2000001c                ENCODER_A_PIN
 .data.curr_line_status.13
                0x20000024        0x1 ./Core/Src/follow_line.o
 .data.prev_line_status.12
                0x20000025        0x1 ./Core/Src/follow_line.o
 .data.angle_step.2
                0x20000026        0x1 ./Core/Src/robot_firmware.o
 .data.angle_step.0
                0x20000027        0x1 ./Core/Src/robot_firmware.o
 .data.SystemCoreClock
                0x20000028        0x4 ./Core/Src/system_stm32f1xx.o
                0x20000028                SystemCoreClock
 .data.uwTickPrio
                0x2000002c        0x4 ./Drivers/STM32F1xx_HAL_Driver/Src/stm32f1xx_hal.o
                0x2000002c                uwTickPrio
 .data.uwTickFreq
                0x20000030        0x1 ./Drivers/STM32F1xx_HAL_Driver/Src/stm32f1xx_hal.o
                0x20000030                uwTickFreq
 *(.RamFunc)
 *(.RamFunc*)
                0x20000034                        . = ALIGN (0x4)
 *fill*         0x20000031        0x3 
                0x20000034                        _edata = .

.igot.plt       0x20000034        0x0 load address 0x08009cb4
 .igot.plt      0x20000034        0x0 /Applications/STM32CubeIDE.app/Contents/Eclipse/plugins/com.st.stm32cube.ide.mcu.externaltools.gnu-tools-for-stm32.13.3.rel1.macos64_1.0.0.202411102158/tools/bin/../lib/gcc/arm-none-eabi/13.3.1/thumb/v7-m/nofp/crtbegin.o
                0x20000034                        . = ALIGN (0x4)

.bss            0x20000034      0x40c load address 0x08009cb4
                0x20000034                        _sbss = .
                0x20000034                        __bss_start__ = _sbss
 *(.bss)
 .bss           0x20000034       0x1c /Applications/STM32CubeIDE.app/Contents/Eclipse/plugins/com.st.stm32cube.ide.mcu.externaltools.gnu-tools-for-stm32.13.3.rel1.macos64_1.0.0.202411102158/tools/bin/../lib/gcc/arm-none-eabi/13.3.1/thumb/v7-m/nofp/crtbegin.o
 *(.bss*)
 .bss.hadc1     0x20000050       0x30 ./Core/Src/adc.o
                0x20000050                hadc1
 .bss.hdma_adc1
                0x20000080       0x44 ./Core/Src/adc.o
                0x20000080                hdma_adc1
 .bss.button_counter
                0x200000c4        0x4 ./Core/Src/button.o
                0x200000c4                button_counter
 .bss.button_buffer
                0x200000c8        0x1 ./Core/Src/button.o
                0x200000c8                button_buffer
 *fill*         0x200000c9        0x3 
 .bss.display_buffer
                0x200000cc        0x3 ./Core/Src/display.o
                0x200000cc                display_buffer
 *fill*         0x200000cf        0x1 
 .bss.display_index
                0x200000d0        0x2 ./Core/Src/display.o
                0x200000d0                display_index
 *fill*         0x200000d2        0x2 
 .bss.encoder_pulse_count
                0x200000d4       0x10 ./Core/Src/encoder.o
                0x200000d4                encoder_pulse_count
 .bss.encoder_pin_a_state
                0x200000e4        0x4 ./Core/Src/encoder.o
                0x200000e4                encoder_pin_a_state
 .bss.follow_line_state
                0x200000e8        0x1 ./Core/Src/follow_line.o
                0x200000e8                follow_line_state
 *fill*         0x200000e9        0x1 
 .bss.cross_count
                0x200000ea        0x2 ./Core/Src/follow_line.o
                0x200000ea                cross_count
 .bss.prev_cross_turn
                0x200000ec        0x2 ./Core/Src/follow_line.o
                0x200000ec                prev_cross_turn
 *fill*         0x200000ee        0x2 
 .bss.pulse_count_enc_1.11
                0x200000f0        0x4 ./Core/Src/follow_line.o
 .bss.pulse_count_enc_2.10
                0x200000f4        0x4 ./Core/Src/follow_line.o
 .bss.pulse_count_enc_3.9
                0x200000f8        0x4 ./Core/Src/follow_line.o
 .bss.pulse_count_enc_4.8
                0x200000fc        0x4 ./Core/Src/follow_line.o
 .bss.pulse_count_enc_1.7
                0x20000100        0x4 ./Core/Src/follow_line.o
 .bss.pulse_count_enc_2.6
                0x20000104        0x4 ./Core/Src/follow_line.o
 .bss.pulse_count_enc_3.5
                0x20000108        0x4 ./Core/Src/follow_line.o
 .bss.pulse_count_enc_4.4
                0x2000010c        0x4 ./Core/Src/follow_line.o
 .bss.pulse_count_enc_1.3
                0x20000110        0x4 ./Core/Src/follow_line.o
 .bss.pulse_count_enc_2.2
                0x20000114        0x4 ./Core/Src/follow_line.o
 .bss.pulse_count_enc_3.1
                0x20000118        0x4 ./Core/Src/follow_line.o
 .bss.pulse_count_enc_4.0
                0x2000011c        0x4 ./Core/Src/follow_line.o
 .bss.gamepad_data
                0x20000120       0x1e ./Core/Src/gamepad.o
                0x20000120                gamepad_data
 *fill*         0x2000013e        0x2 
 .bss.hi2c2     0x20000140       0x54 ./Core/Src/i2c.o
                0x20000140                hi2c2
 .bss.sensor_calib
                0x20000194       0x10 ./Core/Src/line_sensor.o
                0x20000194                sensor_calib
 .bss.sensor_buffer
                0x200001a4       0x10 ./Core/Src/line_sensor.o
                0x200001a4                sensor_buffer
 .bss.sensor_states
                0x200001b4        0x1 ./Core/Src/line_sensor.o
                0x200001b4                sensor_states
 *fill*         0x200001b5        0x3 
 .bss.sw_gamepad_data
                0x200001b8        0x8 ./Core/Src/module_mke_m15.o
                0x200001b8                sw_gamepad_data
 .bss.module_mke_huart
                0x200001c0        0x4 ./Core/Src/module_mke_m15.o
                0x200001c0                module_mke_huart
 .bss.data_index.0
                0x200001c4        0x1 ./Core/Src/module_mke_m15.o
 .bss.mode_id   0x200001c5        0x1 ./Core/Src/robot_firmware.o
                0x200001c5                mode_id
 .bss.byte_displayed.8
                0x200001c6        0x1 ./Core/Src/robot_firmware.o
 .bss.counter.7
                0x200001c7        0x1 ./Core/Src/robot_firmware.o
 .bss.is_robot_ready.6
                0x200001c8        0x1 ./Core/Src/robot_firmware.o
 *fill*         0x200001c9        0x1 
 .bss.previous_cross_count.5
                0x200001ca        0x2 ./Core/Src/robot_firmware.o
 .bss.counter.4
                0x200001cc        0x2 ./Core/Src/robot_firmware.o
 .bss.angle.3   0x200001ce        0x1 ./Core/Src/robot_firmware.o
 .bss.angle.1   0x200001cf        0x1 ./Core/Src/robot_firmware.o
 .bss.timer_2_flag
                0x200001d0        0x1 ./Core/Src/software_timer.o
                0x200001d0                timer_2_flag
 *fill*         0x200001d1        0x1 
 .bss.timer_2_counter
                0x200001d2        0x2 ./Core/Src/software_timer.o
                0x200001d2                timer_2_counter
 .bss.timer_2_mul
                0x200001d4        0x2 ./Core/Src/software_timer.o
                0x200001d4                timer_2_mul
 *fill*         0x200001d6        0x2 
 .bss.hspi1     0x200001d8       0x58 ./Core/Src/spi.o
                0x200001d8                hspi1
 .bss.spr_counter
                0x20000230        0x4 ./Core/Src/step_motor.o
                0x20000230                spr_counter
 .bss.current_step
                0x20000234        0x2 ./Core/Src/step_motor.o
                0x20000234                current_step
 .bss.current_direction
                0x20000236        0x1 ./Core/Src/step_motor.o
                0x20000236                current_direction
 *fill*         0x20000237        0x1 
 .bss.switch_status
                0x20000238        0x4 ./Core/Src/switch.o
                0x20000238                switch_status
 .bss.switch_buffer
                0x2000023c        0x1 ./Core/Src/switch.o
                0x2000023c                switch_buffer
 *fill*         0x2000023d        0x3 
 .bss.htim2     0x20000240       0x48 ./Core/Src/tim.o
                0x20000240                htim2
 .bss.htim3     0x20000288       0x48 ./Core/Src/tim.o
                0x20000288                htim3
 .bss.htim4     0x200002d0       0x48 ./Core/Src/tim.o
                0x200002d0                htim4
 .bss.htim5     0x20000318       0x48 ./Core/Src/tim.o
                0x20000318                htim5
 .bss.htim8     0x20000360       0x48 ./Core/Src/tim.o
                0x20000360                htim8
 .bss.receive_buffer_1
                0x200003a8        0x1 ./Core/Src/uart.o
                0x200003a8                receive_buffer_1
 .bss.uart_1_flag
                0x200003a9        0x1 ./Core/Src/uart.o
                0x200003a9                uart_1_flag
 .bss.receive_buffer_2
                0x200003aa        0x1 ./Core/Src/uart.o
                0x200003aa                receive_buffer_2
 .bss.uart_2_flag
                0x200003ab        0x1 ./Core/Src/uart.o
                0x200003ab                uart_2_flag
 .bss.huart1    0x200003ac       0x48 ./Core/Src/usart.o
                0x200003ac                huart1
 .bss.huart2    0x200003f4       0x48 ./Core/Src/usart.o
                0x200003f4                huart2
 .bss.uwTick    0x2000043c        0x4 ./Drivers/STM32F1xx_HAL_Driver/Src/stm32f1xx_hal.o
                0x2000043c                uwTick
 *(COMMON)
                0x20000440                        . = ALIGN (0x4)
                0x20000440                        _ebss = .
                0x20000440                        __bss_end__ = _ebss

._user_heap_stack
                0x20000440      0x600 load address 0x08009cb4
                0x20000440                        . = ALIGN (0x8)
                [!provide]                        PROVIDE (end = .)
                0x20000440                        PROVIDE (_end = .)
                0x20000640                        . = (. + _Min_Heap_Size)
 *fill*         0x20000440      0x200 
                0x20000a40                        . = (. + _Min_Stack_Size)
 *fill*         0x20000640      0x400 
                0x20000a40                        . = ALIGN (0x8)

/DISCARD/
 libc.a(*)
 libm.a(*)
 libgcc.a(*)

.ARM.attributes
                0x00000000       0x29
 *(.ARM.attributes)
 .ARM.attributes
                0x00000000       0x1d /Applications/STM32CubeIDE.app/Contents/Eclipse/plugins/com.st.stm32cube.ide.mcu.externaltools.gnu-tools-for-stm32.13.3.rel1.macos64_1.0.0.202411102158/tools/bin/../lib/gcc/arm-none-eabi/13.3.1/thumb/v7-m/nofp/crti.o
 .ARM.attributes
                0x0000001d       0x2d /Applications/STM32CubeIDE.app/Contents/Eclipse/plugins/com.st.stm32cube.ide.mcu.externaltools.gnu-tools-for-stm32.13.3.rel1.macos64_1.0.0.202411102158/tools/bin/../lib/gcc/arm-none-eabi/13.3.1/thumb/v7-m/nofp/crtbegin.o
 .ARM.attributes
                0x0000004a       0x2d ./Core/Src/adc.o
 .ARM.attributes
                0x00000077       0x2d ./Core/Src/button.o
 .ARM.attributes
                0x000000a4       0x2d ./Core/Src/buzzer.o
 .ARM.attributes
                0x000000d1       0x2d ./Core/Src/display.o
 .ARM.attributes
                0x000000fe       0x2d ./Core/Src/dma.o
 .ARM.attributes
                0x0000012b       0x2d ./Core/Src/encoder.o
 .ARM.attributes
                0x00000158       0x2d ./Core/Src/follow_line.o
 .ARM.attributes
                0x00000185       0x2d ./Core/Src/gamepad.o
 .ARM.attributes
                0x000001b2       0x2d ./Core/Src/gpio.o
 .ARM.attributes
                0x000001df       0x2d ./Core/Src/i2c.o
 .ARM.attributes
                0x0000020c       0x2d ./Core/Src/line_sensor.o
 .ARM.attributes
                0x00000239       0x2d ./Core/Src/main.o
 .ARM.attributes
                0x00000266       0x2d ./Core/Src/module_mke_m15.o
 .ARM.attributes
                0x00000293       0x2d ./Core/Src/motor.o
 .ARM.attributes
                0x000002c0       0x2d ./Core/Src/robot_firmware.o
 .ARM.attributes
                0x000002ed       0x2d ./Core/Src/servo.o
 .ARM.attributes
                0x0000031a       0x2d ./Core/Src/software_timer.o
 .ARM.attributes
                0x00000347       0x2d ./Core/Src/spi.o
 .ARM.attributes
                0x00000374       0x2d ./Core/Src/step_motor.o
 .ARM.attributes
                0x000003a1       0x2d ./Core/Src/stm32f1xx_hal_msp.o
 .ARM.attributes
                0x000003ce       0x2d ./Core/Src/stm32f1xx_it.o
 .ARM.attributes
                0x000003fb       0x2d ./Core/Src/switch.o
 .ARM.attributes
                0x00000428       0x2d ./Core/Src/system_stm32f1xx.o
 .ARM.attributes
                0x00000455       0x2d ./Core/Src/tim.o
 .ARM.attributes
                0x00000482       0x2d ./Core/Src/uart.o
 .ARM.attributes
                0x000004af       0x2d ./Core/Src/usart.o
 .ARM.attributes
                0x000004dc       0x2d ./Core/Src/utils.o
 .ARM.attributes
                0x00000509       0x21 ./Core/Startup/startup_stm32f103rctx.o
 .ARM.attributes
                0x0000052a       0x2d ./Drivers/STM32F1xx_HAL_Driver/Src/stm32f1xx_hal.o
 .ARM.attributes
                0x00000557       0x2d ./Drivers/STM32F1xx_HAL_Driver/Src/stm32f1xx_hal_adc.o
 .ARM.attributes
                0x00000584       0x2d ./Drivers/STM32F1xx_HAL_Driver/Src/stm32f1xx_hal_cortex.o
 .ARM.attributes
                0x000005b1       0x2d ./Drivers/STM32F1xx_HAL_Driver/Src/stm32f1xx_hal_dma.o
 .ARM.attributes
                0x000005de       0x2d ./Drivers/STM32F1xx_HAL_Driver/Src/stm32f1xx_hal_gpio.o
 .ARM.attributes
                0x0000060b       0x2d ./Drivers/STM32F1xx_HAL_Driver/Src/stm32f1xx_hal_i2c.o
 .ARM.attributes
                0x00000638       0x2d ./Drivers/STM32F1xx_HAL_Driver/Src/stm32f1xx_hal_rcc.o
 .ARM.attributes
                0x00000665       0x2d ./Drivers/STM32F1xx_HAL_Driver/Src/stm32f1xx_hal_rcc_ex.o
 .ARM.attributes
                0x00000692       0x2d ./Drivers/STM32F1xx_HAL_Driver/Src/stm32f1xx_hal_spi.o
 .ARM.attributes
                0x000006bf       0x2d ./Drivers/STM32F1xx_HAL_Driver/Src/stm32f1xx_hal_tim.o
 .ARM.attributes
                0x000006ec       0x2d ./Drivers/STM32F1xx_HAL_Driver/Src/stm32f1xx_hal_tim_ex.o
 .ARM.attributes
                0x00000719       0x2d ./Drivers/STM32F1xx_HAL_Driver/Src/stm32f1xx_hal_uart.o
 .ARM.attributes
                0x00000746       0x2d /Applications/STM32CubeIDE.app/Contents/Eclipse/plugins/com.st.stm32cube.ide.mcu.externaltools.gnu-tools-for-stm32.13.3.rel1.macos64_1.0.0.202411102158/tools/bin/../lib/gcc/arm-none-eabi/13.3.1/../../../../arm-none-eabi/lib/thumb/v7-m/nofp/libc_nano.a(libc_a-memset.o)
 .ARM.attributes
                0x00000773       0x2d /Applications/STM32CubeIDE.app/Contents/Eclipse/plugins/com.st.stm32cube.ide.mcu.externaltools.gnu-tools-for-stm32.13.3.rel1.macos64_1.0.0.202411102158/tools/bin/../lib/gcc/arm-none-eabi/13.3.1/../../../../arm-none-eabi/lib/thumb/v7-m/nofp/libc_nano.a(libc_a-init.o)
 .ARM.attributes
                0x000007a0       0x17 /Applications/STM32CubeIDE.app/Contents/Eclipse/plugins/com.st.stm32cube.ide.mcu.externaltools.gnu-tools-for-stm32.13.3.rel1.macos64_1.0.0.202411102158/tools/bin/../lib/gcc/arm-none-eabi/13.3.1/../../../../arm-none-eabi/lib/thumb/v7-m/nofp/libc_nano.a(libc_a-strlen.o)
 .ARM.attributes
                0x000007b7       0x1d /Applications/STM32CubeIDE.app/Contents/Eclipse/plugins/com.st.stm32cube.ide.mcu.externaltools.gnu-tools-for-stm32.13.3.rel1.macos64_1.0.0.202411102158/tools/bin/../lib/gcc/arm-none-eabi/13.3.1/thumb/v7-m/nofp/crtn.o
OUTPUT(BK_ROBOT.elf elf32-littlearm)
LOAD linker stubs
LOAD /Applications/STM32CubeIDE.app/Contents/Eclipse/plugins/com.st.stm32cube.ide.mcu.externaltools.gnu-tools-for-stm32.13.3.rel1.macos64_1.0.0.202411102158/tools/bin/../lib/gcc/arm-none-eabi/13.3.1/../../../../arm-none-eabi/lib/thumb/v7-m/nofp/libc.a
LOAD /Applications/STM32CubeIDE.app/Contents/Eclipse/plugins/com.st.stm32cube.ide.mcu.externaltools.gnu-tools-for-stm32.13.3.rel1.macos64_1.0.0.202411102158/tools/bin/../lib/gcc/arm-none-eabi/13.3.1/../../../../arm-none-eabi/lib/thumb/v7-m/nofp/libm.a
LOAD /Applications/STM32CubeIDE.app/Contents/Eclipse/plugins/com.st.stm32cube.ide.mcu.externaltools.gnu-tools-for-stm32.13.3.rel1.macos64_1.0.0.202411102158/tools/bin/../lib/gcc/arm-none-eabi/13.3.1/thumb/v7-m/nofp/libgcc.a

.debug_info     0x00000000    0x1984d
 .debug_info    0x00000000      0x818 ./Core/Src/adc.o
 .debug_info    0x00000818      0x751 ./Core/Src/button.o
 .debug_info    0x00000f69      0x71b ./Core/Src/buzzer.o
 .debug_info    0x00001684      0x7a5 ./Core/Src/display.o
 .debug_info    0x00001e29      0x335 ./Core/Src/dma.o
 .debug_info    0x0000215e      0x2c0 ./Core/Src/encoder.o
 .debug_info    0x0000241e      0x3d5 ./Core/Src/follow_line.o
 .debug_info    0x000027f3      0x74b ./Core/Src/gamepad.o
 .debug_info    0x00002f3e      0x2d3 ./Core/Src/gpio.o
 .debug_info    0x00003211      0x7e3 ./Core/Src/i2c.o
 .debug_info    0x000039f4      0x7a1 ./Core/Src/line_sensor.o
 .debug_info    0x00004195      0x443 ./Core/Src/main.o
 .debug_info    0x000045d8      0x69d ./Core/Src/module_mke_m15.o
 .debug_info    0x00004c75      0xa91 ./Core/Src/motor.o
 .debug_info    0x00005706      0xd68 ./Core/Src/robot_firmware.o
 .debug_info    0x0000646e      0x761 ./Core/Src/servo.o
 .debug_info    0x00006bcf      0x76d ./Core/Src/software_timer.o
 .debug_info    0x0000733c      0x7c8 ./Core/Src/spi.o
 .debug_info    0x00007b04      0x80f ./Core/Src/step_motor.o
 .debug_info    0x00008313      0x1f1 ./Core/Src/stm32f1xx_hal_msp.o
 .debug_info    0x00008504      0x9cc ./Core/Src/stm32f1xx_it.o
 .debug_info    0x00008ed0      0x736 ./Core/Src/switch.o
 .debug_info    0x00009606      0x222 ./Core/Src/system_stm32f1xx.o
 .debug_info    0x00009828      0xfab ./Core/Src/tim.o
 .debug_info    0x0000a7d3      0x7b5 ./Core/Src/uart.o
 .debug_info    0x0000af88      0x9e8 ./Core/Src/usart.o
 .debug_info    0x0000b970      0x18d ./Core/Src/utils.o
 .debug_info    0x0000bafd       0x30 ./Core/Startup/startup_stm32f103rctx.o
 .debug_info    0x0000bb2d      0x76a ./Drivers/STM32F1xx_HAL_Driver/Src/stm32f1xx_hal.o
 .debug_info    0x0000c297      0xc50 ./Drivers/STM32F1xx_HAL_Driver/Src/stm32f1xx_hal_adc.o
 .debug_info    0x0000cee7      0xaed ./Drivers/STM32F1xx_HAL_Driver/Src/stm32f1xx_hal_cortex.o
 .debug_info    0x0000d9d4      0x6d2 ./Drivers/STM32F1xx_HAL_Driver/Src/stm32f1xx_hal_dma.o
 .debug_info    0x0000e0a6      0x5ab ./Drivers/STM32F1xx_HAL_Driver/Src/stm32f1xx_hal_gpio.o
 .debug_info    0x0000e651     0x2524 ./Drivers/STM32F1xx_HAL_Driver/Src/stm32f1xx_hal_i2c.o
 .debug_info    0x00010b75      0x7d5 ./Drivers/STM32F1xx_HAL_Driver/Src/stm32f1xx_hal_rcc.o
 .debug_info    0x0001134a      0x3e9 ./Drivers/STM32F1xx_HAL_Driver/Src/stm32f1xx_hal_rcc_ex.o
 .debug_info    0x00011733     0x1439 ./Drivers/STM32F1xx_HAL_Driver/Src/stm32f1xx_hal_spi.o
 .debug_info    0x00012b6c     0x2959 ./Drivers/STM32F1xx_HAL_Driver/Src/stm32f1xx_hal_tim.o
 .debug_info    0x000154c5     0x149b ./Drivers/STM32F1xx_HAL_Driver/Src/stm32f1xx_hal_tim_ex.o
 .debug_info    0x00016960     0x2eed ./Drivers/STM32F1xx_HAL_Driver/Src/stm32f1xx_hal_uart.o

.debug_abbrev   0x00000000     0x4de8
 .debug_abbrev  0x00000000      0x1f2 ./Core/Src/adc.o
 .debug_abbrev  0x000001f2      0x213 ./Core/Src/button.o
 .debug_abbrev  0x00000405      0x1f8 ./Core/Src/buzzer.o
 .debug_abbrev  0x000005fd      0x22c ./Core/Src/display.o
 .debug_abbrev  0x00000829       0xfc ./Core/Src/dma.o
 .debug_abbrev  0x00000925      0x182 ./Core/Src/encoder.o
 .debug_abbrev  0x00000aa7      0x18f ./Core/Src/follow_line.o
 .debug_abbrev  0x00000c36      0x218 ./Core/Src/gamepad.o
 .debug_abbrev  0x00000e4e      0x13f ./Core/Src/gpio.o
 .debug_abbrev  0x00000f8d      0x1de ./Core/Src/i2c.o
 .debug_abbrev  0x0000116b      0x245 ./Core/Src/line_sensor.o
 .debug_abbrev  0x000013b0      0x1de ./Core/Src/main.o
 .debug_abbrev  0x0000158e      0x219 ./Core/Src/module_mke_m15.o
 .debug_abbrev  0x000017a7      0x23e ./Core/Src/motor.o
 .debug_abbrev  0x000019e5      0x269 ./Core/Src/robot_firmware.o
 .debug_abbrev  0x00001c4e      0x1f4 ./Core/Src/servo.o
 .debug_abbrev  0x00001e42      0x234 ./Core/Src/software_timer.o
 .debug_abbrev  0x00002076      0x1e7 ./Core/Src/spi.o
 .debug_abbrev  0x0000225d      0x1f9 ./Core/Src/step_motor.o
 .debug_abbrev  0x00002456       0xdb ./Core/Src/stm32f1xx_hal_msp.o
 .debug_abbrev  0x00002531      0x1b6 ./Core/Src/stm32f1xx_it.o
 .debug_abbrev  0x000026e7      0x1f6 ./Core/Src/switch.o
 .debug_abbrev  0x000028dd      0x13f ./Core/Src/system_stm32f1xx.o
 .debug_abbrev  0x00002a1c      0x291 ./Core/Src/tim.o
 .debug_abbrev  0x00002cad      0x239 ./Core/Src/uart.o
 .debug_abbrev  0x00002ee6      0x20b ./Core/Src/usart.o
 .debug_abbrev  0x000030f1       0x97 ./Core/Src/utils.o
 .debug_abbrev  0x00003188       0x24 ./Core/Startup/startup_stm32f103rctx.o
 .debug_abbrev  0x000031ac      0x201 ./Drivers/STM32F1xx_HAL_Driver/Src/stm32f1xx_hal.o
 .debug_abbrev  0x000033ad      0x225 ./Drivers/STM32F1xx_HAL_Driver/Src/stm32f1xx_hal_adc.o
 .debug_abbrev  0x000035d2      0x2f8 ./Drivers/STM32F1xx_HAL_Driver/Src/stm32f1xx_hal_cortex.o
 .debug_abbrev  0x000038ca      0x20b ./Drivers/STM32F1xx_HAL_Driver/Src/stm32f1xx_hal_dma.o
 .debug_abbrev  0x00003ad5      0x1ca ./Drivers/STM32F1xx_HAL_Driver/Src/stm32f1xx_hal_gpio.o
 .debug_abbrev  0x00003c9f      0x2a3 ./Drivers/STM32F1xx_HAL_Driver/Src/stm32f1xx_hal_i2c.o
 .debug_abbrev  0x00003f42      0x2b3 ./Drivers/STM32F1xx_HAL_Driver/Src/stm32f1xx_hal_rcc.o
 .debug_abbrev  0x000041f5      0x188 ./Drivers/STM32F1xx_HAL_Driver/Src/stm32f1xx_hal_rcc_ex.o
 .debug_abbrev  0x0000437d      0x27a ./Drivers/STM32F1xx_HAL_Driver/Src/stm32f1xx_hal_spi.o
 .debug_abbrev  0x000045f7      0x277 ./Drivers/STM32F1xx_HAL_Driver/Src/stm32f1xx_hal_tim.o
 .debug_abbrev  0x0000486e      0x282 ./Drivers/STM32F1xx_HAL_Driver/Src/stm32f1xx_hal_tim_ex.o
 .debug_abbrev  0x00004af0      0x2f8 ./Drivers/STM32F1xx_HAL_Driver/Src/stm32f1xx_hal_uart.o

.debug_aranges  0x00000000     0x16c8
 .debug_aranges
                0x00000000       0x30 ./Core/Src/adc.o
 .debug_aranges
                0x00000030       0x30 ./Core/Src/button.o
 .debug_aranges
                0x00000060       0x30 ./Core/Src/buzzer.o
 .debug_aranges
                0x00000090       0x48 ./Core/Src/display.o
 .debug_aranges
                0x000000d8       0x20 ./Core/Src/dma.o
 .debug_aranges
                0x000000f8       0x30 ./Core/Src/encoder.o
 .debug_aranges
                0x00000128       0x50 ./Core/Src/follow_line.o
 .debug_aranges
                0x00000178       0x38 ./Core/Src/gamepad.o
 .debug_aranges
                0x000001b0       0x20 ./Core/Src/gpio.o
 .debug_aranges
                0x000001d0       0x30 ./Core/Src/i2c.o
 .debug_aranges
                0x00000200       0x58 ./Core/Src/line_sensor.o
 .debug_aranges
                0x00000258       0x30 ./Core/Src/main.o
 .debug_aranges
                0x00000288       0x38 ./Core/Src/module_mke_m15.o
 .debug_aranges
                0x000002c0       0xa8 ./Core/Src/motor.o
 .debug_aranges
                0x00000368       0x38 ./Core/Src/robot_firmware.o
 .debug_aranges
                0x000003a0       0x28 ./Core/Src/servo.o
 .debug_aranges
                0x000003c8       0x38 ./Core/Src/software_timer.o
 .debug_aranges
                0x00000400       0x30 ./Core/Src/spi.o
 .debug_aranges
                0x00000430       0x30 ./Core/Src/step_motor.o
 .debug_aranges
                0x00000460       0x20 ./Core/Src/stm32f1xx_hal_msp.o
 .debug_aranges
                0x00000480       0x90 ./Core/Src/stm32f1xx_it.o
 .debug_aranges
                0x00000510       0x28 ./Core/Src/switch.o
 .debug_aranges
                0x00000538       0x28 ./Core/Src/system_stm32f1xx.o
 .debug_aranges
                0x00000560       0x68 ./Core/Src/tim.o
 .debug_aranges
                0x000005c8       0x58 ./Core/Src/uart.o
 .debug_aranges
                0x00000620       0x38 ./Core/Src/usart.o
 .debug_aranges
                0x00000658       0x28 ./Core/Src/utils.o
 .debug_aranges
                0x00000680       0x28 ./Core/Startup/startup_stm32f103rctx.o
 .debug_aranges
                0x000006a8       0xe0 ./Drivers/STM32F1xx_HAL_Driver/Src/stm32f1xx_hal.o
 .debug_aranges
                0x00000788       0xf0 ./Drivers/STM32F1xx_HAL_Driver/Src/stm32f1xx_hal_adc.o
 .debug_aranges
                0x00000878      0x100 ./Drivers/STM32F1xx_HAL_Driver/Src/stm32f1xx_hal_cortex.o
 .debug_aranges
                0x00000978       0x80 ./Drivers/STM32F1xx_HAL_Driver/Src/stm32f1xx_hal_dma.o
 .debug_aranges
                0x000009f8       0x58 ./Drivers/STM32F1xx_HAL_Driver/Src/stm32f1xx_hal_gpio.o
 .debug_aranges
                0x00000a50      0x2a8 ./Drivers/STM32F1xx_HAL_Driver/Src/stm32f1xx_hal_i2c.o
 .debug_aranges
                0x00000cf8       0x90 ./Drivers/STM32F1xx_HAL_Driver/Src/stm32f1xx_hal_rcc.o
 .debug_aranges
                0x00000d88       0x30 ./Drivers/STM32F1xx_HAL_Driver/Src/stm32f1xx_hal_rcc_ex.o
 .debug_aranges
                0x00000db8      0x1d0 ./Drivers/STM32F1xx_HAL_Driver/Src/stm32f1xx_hal_spi.o
 .debug_aranges
                0x00000f88      0x3d0 ./Drivers/STM32F1xx_HAL_Driver/Src/stm32f1xx_hal_tim.o
 .debug_aranges
                0x00001358      0x168 ./Drivers/STM32F1xx_HAL_Driver/Src/stm32f1xx_hal_tim_ex.o
 .debug_aranges
                0x000014c0      0x208 ./Drivers/STM32F1xx_HAL_Driver/Src/stm32f1xx_hal_uart.o

.debug_rnglists
                0x00000000     0x11d0
 .debug_rnglists
                0x00000000       0x21 ./Core/Src/adc.o
 .debug_rnglists
                0x00000021       0x20 ./Core/Src/button.o
 .debug_rnglists
                0x00000041       0x20 ./Core/Src/buzzer.o
 .debug_rnglists
                0x00000061       0x32 ./Core/Src/display.o
 .debug_rnglists
                0x00000093       0x13 ./Core/Src/dma.o
 .debug_rnglists
                0x000000a6       0x20 ./Core/Src/encoder.o
 .debug_rnglists
                0x000000c6       0x3b ./Core/Src/follow_line.o
 .debug_rnglists
                0x00000101       0x26 ./Core/Src/gamepad.o
 .debug_rnglists
                0x00000127       0x14 ./Core/Src/gpio.o
 .debug_rnglists
                0x0000013b       0x20 ./Core/Src/i2c.o
 .debug_rnglists
                0x0000015b       0x3e ./Core/Src/line_sensor.o
 .debug_rnglists
                0x00000199       0x20 ./Core/Src/main.o
 .debug_rnglists
                0x000001b9       0x27 ./Core/Src/module_mke_m15.o
 .debug_rnglists
                0x000001e0       0x7a ./Core/Src/motor.o
 .debug_rnglists
                0x0000025a       0x70 ./Core/Src/robot_firmware.o
 .debug_rnglists
                0x000002ca       0x1a ./Core/Src/servo.o
 .debug_rnglists
                0x000002e4       0x25 ./Core/Src/software_timer.o
 .debug_rnglists
                0x00000309       0x20 ./Core/Src/spi.o
 .debug_rnglists
                0x00000329       0x21 ./Core/Src/step_motor.o
 .debug_rnglists
                0x0000034a       0x13 ./Core/Src/stm32f1xx_hal_msp.o
 .debug_rnglists
                0x0000035d       0x67 ./Core/Src/stm32f1xx_it.o
 .debug_rnglists
                0x000003c4       0x1a ./Core/Src/switch.o
 .debug_rnglists
                0x000003de       0x1a ./Core/Src/system_stm32f1xx.o
 .debug_rnglists
                0x000003f8       0x51 ./Core/Src/tim.o
 .debug_rnglists
                0x00000449       0x3e ./Core/Src/uart.o
 .debug_rnglists
                0x00000487       0x26 ./Core/Src/usart.o
 .debug_rnglists
                0x000004ad       0x1a ./Core/Src/utils.o
 .debug_rnglists
                0x000004c7       0x19 ./Core/Startup/startup_stm32f103rctx.o
 .debug_rnglists
                0x000004e0       0xa3 ./Drivers/STM32F1xx_HAL_Driver/Src/stm32f1xx_hal.o
 .debug_rnglists
                0x00000583       0xbc ./Drivers/STM32F1xx_HAL_Driver/Src/stm32f1xx_hal_adc.o
 .debug_rnglists
                0x0000063f       0xbb ./Drivers/STM32F1xx_HAL_Driver/Src/stm32f1xx_hal_cortex.o
 .debug_rnglists
                0x000006fa       0x64 ./Drivers/STM32F1xx_HAL_Driver/Src/stm32f1xx_hal_dma.o
 .debug_rnglists
                0x0000075e       0x3f ./Drivers/STM32F1xx_HAL_Driver/Src/stm32f1xx_hal_gpio.o
 .debug_rnglists
                0x0000079d      0x23c ./Drivers/STM32F1xx_HAL_Driver/Src/stm32f1xx_hal_i2c.o
 .debug_rnglists
                0x000009d9       0x6c ./Drivers/STM32F1xx_HAL_Driver/Src/stm32f1xx_hal_rcc.o
 .debug_rnglists
                0x00000a45       0x22 ./Drivers/STM32F1xx_HAL_Driver/Src/stm32f1xx_hal_rcc_ex.o
 .debug_rnglists
                0x00000a67      0x16e ./Drivers/STM32F1xx_HAL_Driver/Src/stm32f1xx_hal_spi.o
 .debug_rnglists
                0x00000bd5      0x31a ./Drivers/STM32F1xx_HAL_Driver/Src/stm32f1xx_hal_tim.o
 .debug_rnglists
                0x00000eef      0x125 ./Drivers/STM32F1xx_HAL_Driver/Src/stm32f1xx_hal_tim_ex.o
 .debug_rnglists
                0x00001014      0x1bc ./Drivers/STM32F1xx_HAL_Driver/Src/stm32f1xx_hal_uart.o

.debug_macro    0x00000000    0x1e3e9
 .debug_macro   0x00000000      0x1e4 ./Core/Src/adc.o
 .debug_macro   0x000001e4      0xacc ./Core/Src/adc.o
 .debug_macro   0x00000cb0      0x233 ./Core/Src/adc.o
 .debug_macro   0x00000ee3       0x2e ./Core/Src/adc.o
 .debug_macro   0x00000f11       0x22 ./Core/Src/adc.o
 .debug_macro   0x00000f33       0x22 ./Core/Src/adc.o
 .debug_macro   0x00000f55       0x8e ./Core/Src/adc.o
 .debug_macro   0x00000fe3       0x51 ./Core/Src/adc.o
 .debug_macro   0x00001034      0x103 ./Core/Src/adc.o
 .debug_macro   0x00001137       0x6a ./Core/Src/adc.o
 .debug_macro   0x000011a1      0x1df ./Core/Src/adc.o
 .debug_macro   0x00001380       0x1c ./Core/Src/adc.o
 .debug_macro   0x0000139c       0x22 ./Core/Src/adc.o
 .debug_macro   0x000013be       0xbd ./Core/Src/adc.o
 .debug_macro   0x0000147b      0xd23 ./Core/Src/adc.o
 .debug_macro   0x0000219e     0xfd8c ./Core/Src/adc.o
 .debug_macro   0x00011f2a       0x6d ./Core/Src/adc.o
 .debug_macro   0x00011f97     0x34a2 ./Core/Src/adc.o
 .debug_macro   0x00015439      0x190 ./Core/Src/adc.o
 .debug_macro   0x000155c9       0x5c ./Core/Src/adc.o
 .debug_macro   0x00015625      0x5bc ./Core/Src/adc.o
 .debug_macro   0x00015be1      0x4d5 ./Core/Src/adc.o
 .debug_macro   0x000160b6      0x1cb ./Core/Src/adc.o
 .debug_macro   0x00016281      0x114 ./Core/Src/adc.o
 .debug_macro   0x00016395      0x1ea ./Core/Src/adc.o
 .debug_macro   0x0001657f       0x27 ./Core/Src/adc.o
 .debug_macro   0x000165a6      0x144 ./Core/Src/adc.o
 .debug_macro   0x000166ea      0x1bc ./Core/Src/adc.o
 .debug_macro   0x000168a6       0x30 ./Core/Src/adc.o
 .debug_macro   0x000168d6       0x3c ./Core/Src/adc.o
 .debug_macro   0x00016912       0x57 ./Core/Src/adc.o
 .debug_macro   0x00016969      0x46a ./Core/Src/adc.o
 .debug_macro   0x00016dd3      0x25d ./Core/Src/adc.o
 .debug_macro   0x00017030       0x87 ./Core/Src/adc.o
 .debug_macro   0x000170b7      0x24f ./Core/Src/adc.o
 .debug_macro   0x00017306      0x287 ./Core/Src/adc.o
 .debug_macro   0x0001758d      0x140 ./Core/Src/adc.o
 .debug_macro   0x000176cd      0x217 ./Core/Src/adc.o
 .debug_macro   0x000178e4      0x8ed ./Core/Src/adc.o
 .debug_macro   0x000181d1      0x28e ./Core/Src/adc.o
 .debug_macro   0x0001845f       0xb5 ./Core/Src/adc.o
 .debug_macro   0x00018514      0x130 ./Core/Src/adc.o
 .debug_macro   0x00018644      0x20d ./Core/Src/button.o
 .debug_macro   0x00018851       0x10 ./Core/Src/button.o
 .debug_macro   0x00018861      0x203 ./Core/Src/buzzer.o
 .debug_macro   0x00018a64      0x201 ./Core/Src/display.o
 .debug_macro   0x00018c65      0x1e4 ./Core/Src/dma.o
 .debug_macro   0x00018e49      0x1fc ./Core/Src/encoder.o
 .debug_macro   0x00019045       0x10 ./Core/Src/encoder.o
 .debug_macro   0x00019055       0x99 ./Core/Src/follow_line.o
 .debug_macro   0x000190ee       0x16 ./Core/Src/follow_line.o
 .debug_macro   0x00019104      0x30f ./Core/Src/gamepad.o
 .debug_macro   0x00019413       0x61 ./Core/Src/gamepad.o
 .debug_macro   0x00019474       0x24 ./Core/Src/gamepad.o
 .debug_macro   0x00019498       0x43 ./Core/Src/gamepad.o
 .debug_macro   0x000194db       0x34 ./Core/Src/gamepad.o
 .debug_macro   0x0001950f      0x370 ./Core/Src/gamepad.o
 .debug_macro   0x0001987f       0x16 ./Core/Src/gamepad.o
 .debug_macro   0x00019895       0x4a ./Core/Src/gamepad.o
 .debug_macro   0x000198df       0x34 ./Core/Src/gamepad.o
 .debug_macro   0x00019913       0x10 ./Core/Src/gamepad.o
 .debug_macro   0x00019923       0x58 ./Core/Src/gamepad.o
 .debug_macro   0x0001997b       0x8e ./Core/Src/gamepad.o
 .debug_macro   0x00019a09       0x1c ./Core/Src/gamepad.o
 .debug_macro   0x00019a25      0x185 ./Core/Src/gamepad.o
 .debug_macro   0x00019baa       0x10 ./Core/Src/gamepad.o
 .debug_macro   0x00019bba       0x3c ./Core/Src/gamepad.o
 .debug_macro   0x00019bf6       0x20 ./Core/Src/gamepad.o
 .debug_macro   0x00019c16       0x1c ./Core/Src/gamepad.o
 .debug_macro   0x00019c32       0x10 ./Core/Src/gamepad.o
 .debug_macro   0x00019c42       0x1c ./Core/Src/gamepad.o
 .debug_macro   0x00019c5e       0x16 ./Core/Src/gamepad.o
 .debug_macro   0x00019c74      0x146 ./Core/Src/gamepad.o
 .debug_macro   0x00019dba       0x56 ./Core/Src/gamepad.o
 .debug_macro   0x00019e10      0x1e4 ./Core/Src/gpio.o
 .debug_macro   0x00019ff4      0x1e4 ./Core/Src/i2c.o
 .debug_macro   0x0001a1d8      0x21f ./Core/Src/line_sensor.o
 .debug_macro   0x0001a3f7      0x3d7 ./Core/Src/main.o
 .debug_macro   0x0001a7ce       0x16 ./Core/Src/main.o
 .debug_macro   0x0001a7e4       0x16 ./Core/Src/main.o
 .debug_macro   0x0001a7fa       0x29 ./Core/Src/main.o
 .debug_macro   0x0001a823       0x10 ./Core/Src/main.o
 .debug_macro   0x0001a833      0x2df ./Core/Src/module_mke_m15.o
 .debug_macro   0x0001ab12       0x16 ./Core/Src/module_mke_m15.o
 .debug_macro   0x0001ab28       0x16 ./Core/Src/module_mke_m15.o
 .debug_macro   0x0001ab3e      0x213 ./Core/Src/motor.o
 .debug_macro   0x0001ad51      0x3ae ./Core/Src/robot_firmware.o
 .debug_macro   0x0001b0ff       0x5b ./Core/Src/robot_firmware.o
 .debug_macro   0x0001b15a       0x94 ./Core/Src/robot_firmware.o
 .debug_macro   0x0001b1ee       0x57 ./Core/Src/robot_firmware.o
 .debug_macro   0x0001b245      0x19b ./Core/Src/robot_firmware.o
 .debug_macro   0x0001b3e0      0x203 ./Core/Src/servo.o
 .debug_macro   0x0001b5e3      0x210 ./Core/Src/software_timer.o
 .debug_macro   0x0001b7f3      0x1e4 ./Core/Src/spi.o
 .debug_macro   0x0001b9d7      0x223 ./Core/Src/step_motor.o
 .debug_macro   0x0001bbfa      0x1da ./Core/Src/stm32f1xx_hal_msp.o
 .debug_macro   0x0001bdd4      0x1e4 ./Core/Src/stm32f1xx_it.o
 .debug_macro   0x0001bfb8      0x207 ./Core/Src/switch.o
 .debug_macro   0x0001c1bf      0x1cb ./Core/Src/system_stm32f1xx.o
 .debug_macro   0x0001c38a      0x1e4 ./Core/Src/tim.o
 .debug_macro   0x0001c56e      0x2f9 ./Core/Src/uart.o
 .debug_macro   0x0001c867       0x9e ./Core/Src/uart.o
 .debug_macro   0x0001c905      0x112 ./Core/Src/uart.o
 .debug_macro   0x0001ca17       0x16 ./Core/Src/uart.o
 .debug_macro   0x0001ca2d      0x1e4 ./Core/Src/usart.o
 .debug_macro   0x0001cc11      0x13e ./Core/Src/utils.o
 .debug_macro   0x0001cd4f      0x1ef ./Drivers/STM32F1xx_HAL_Driver/Src/stm32f1xx_hal.o
 .debug_macro   0x0001cf3e      0x1e8 ./Drivers/STM32F1xx_HAL_Driver/Src/stm32f1xx_hal_adc.o
 .debug_macro   0x0001d126      0x1cb ./Drivers/STM32F1xx_HAL_Driver/Src/stm32f1xx_hal_cortex.o
 .debug_macro   0x0001d2f1      0x1cb ./Drivers/STM32F1xx_HAL_Driver/Src/stm32f1xx_hal_dma.o
 .debug_macro   0x0001d4bc      0x236 ./Drivers/STM32F1xx_HAL_Driver/Src/stm32f1xx_hal_gpio.o
 .debug_macro   0x0001d6f2      0x219 ./Drivers/STM32F1xx_HAL_Driver/Src/stm32f1xx_hal_i2c.o
 .debug_macro   0x0001d90b      0x1dd ./Drivers/STM32F1xx_HAL_Driver/Src/stm32f1xx_hal_rcc.o
 .debug_macro   0x0001dae8      0x1cb ./Drivers/STM32F1xx_HAL_Driver/Src/stm32f1xx_hal_rcc_ex.o
 .debug_macro   0x0001dcb3      0x1d3 ./Drivers/STM32F1xx_HAL_Driver/Src/stm32f1xx_hal_spi.o
 .debug_macro   0x0001de86      0x1cc ./Drivers/STM32F1xx_HAL_Driver/Src/stm32f1xx_hal_tim.o
 .debug_macro   0x0001e052      0x1cb ./Drivers/STM32F1xx_HAL_Driver/Src/stm32f1xx_hal_tim_ex.o
 .debug_macro   0x0001e21d      0x1cc ./Drivers/STM32F1xx_HAL_Driver/Src/stm32f1xx_hal_uart.o

.debug_line     0x00000000    0x20a16
 .debug_line    0x00000000      0x823 ./Core/Src/adc.o
 .debug_line    0x00000823      0x7a0 ./Core/Src/button.o
 .debug_line    0x00000fc3      0x793 ./Core/Src/buzzer.o
 .debug_line    0x00001756      0x7fd ./Core/Src/display.o
 .debug_line    0x00001f53      0x6ec ./Core/Src/dma.o
 .debug_line    0x0000263f      0x79f ./Core/Src/encoder.o
 .debug_line    0x00002dde      0x7e8 ./Core/Src/follow_line.o
 .debug_line    0x000035c6      0x971 ./Core/Src/gamepad.o
 .debug_line    0x00003f37      0x73a ./Core/Src/gpio.o
 .debug_line    0x00004671      0x75a ./Core/Src/i2c.o
 .debug_line    0x00004dcb      0x8d7 ./Core/Src/line_sensor.o
 .debug_line    0x000056a2      0xa40 ./Core/Src/main.o
 .debug_line    0x000060e2      0x961 ./Core/Src/module_mke_m15.o
 .debug_line    0x00006a43      0x973 ./Core/Src/motor.o
 .debug_line    0x000073b6     0x116f ./Core/Src/robot_firmware.o
 .debug_line    0x00008525      0x78d ./Core/Src/servo.o
 .debug_line    0x00008cb2      0x7cb ./Core/Src/software_timer.o
 .debug_line    0x0000947d      0x76c ./Core/Src/spi.o
 .debug_line    0x00009be9      0x7e0 ./Core/Src/step_motor.o
 .debug_line    0x0000a3c9      0x6f1 ./Core/Src/stm32f1xx_hal_msp.o
 .debug_line    0x0000aaba      0x82f ./Core/Src/stm32f1xx_it.o
 .debug_line    0x0000b2e9      0x76d ./Core/Src/switch.o
 .debug_line    0x0000ba56      0x76f ./Core/Src/system_stm32f1xx.o
 .debug_line    0x0000c1c5      0xaf8 ./Core/Src/tim.o
 .debug_line    0x0000ccbd      0xa19 ./Core/Src/uart.o
 .debug_line    0x0000d6d6      0x7de ./Core/Src/usart.o
 .debug_line    0x0000deb4      0x5a6 ./Core/Src/utils.o
 .debug_line    0x0000e45a       0x79 ./Core/Startup/startup_stm32f103rctx.o
 .debug_line    0x0000e4d3      0x9a0 ./Drivers/STM32F1xx_HAL_Driver/Src/stm32f1xx_hal.o
 .debug_line    0x0000ee73      0xfdb ./Drivers/STM32F1xx_HAL_Driver/Src/stm32f1xx_hal_adc.o
 .debug_line    0x0000fe4e      0xb6a ./Drivers/STM32F1xx_HAL_Driver/Src/stm32f1xx_hal_cortex.o
 .debug_line    0x000109b8     0x12a4 ./Drivers/STM32F1xx_HAL_Driver/Src/stm32f1xx_hal_dma.o
 .debug_line    0x00011c5c      0xa25 ./Drivers/STM32F1xx_HAL_Driver/Src/stm32f1xx_hal_gpio.o
 .debug_line    0x00012681     0x3b9d ./Drivers/STM32F1xx_HAL_Driver/Src/stm32f1xx_hal_i2c.o
 .debug_line    0x0001621e      0xe59 ./Drivers/STM32F1xx_HAL_Driver/Src/stm32f1xx_hal_rcc.o
 .debug_line    0x00017077      0x924 ./Drivers/STM32F1xx_HAL_Driver/Src/stm32f1xx_hal_rcc_ex.o
 .debug_line    0x0001799b     0x1c37 ./Drivers/STM32F1xx_HAL_Driver/Src/stm32f1xx_hal_spi.o
 .debug_line    0x000195d2     0x36be ./Drivers/STM32F1xx_HAL_Driver/Src/stm32f1xx_hal_tim.o
 .debug_line    0x0001cc90     0x18ca ./Drivers/STM32F1xx_HAL_Driver/Src/stm32f1xx_hal_tim_ex.o
 .debug_line    0x0001e55a     0x24bc ./Drivers/STM32F1xx_HAL_Driver/Src/stm32f1xx_hal_uart.o

.debug_str      0x00000000    0xa4012
 .debug_str     0x00000000    0xa4012 ./Core/Src/adc.o
                              0x9a468 (size before relaxing)
 .debug_str     0x000a4012    0x9a521 ./Core/Src/button.o
 .debug_str     0x000a4012    0x9a59d ./Core/Src/buzzer.o
 .debug_str     0x000a4012    0x9a52a ./Core/Src/display.o
 .debug_str     0x000a4012    0x9a3df ./Core/Src/dma.o
 .debug_str     0x000a4012    0x9a14e ./Core/Src/encoder.o
 .debug_str     0x000a4012     0x4101 ./Core/Src/follow_line.o
 .debug_str     0x000a4012    0x9de5e ./Core/Src/gamepad.o
 .debug_str     0x000a4012    0x9a09d ./Core/Src/gpio.o
 .debug_str     0x000a4012    0x9a557 ./Core/Src/i2c.o
 .debug_str     0x000a4012    0x9a5e8 ./Core/Src/line_sensor.o
 .debug_str     0x000a4012    0x9de7b ./Core/Src/main.o
 .debug_str     0x000a4012    0x9dd37 ./Core/Src/module_mke_m15.o
 .debug_str     0x000a4012    0x9a745 ./Core/Src/motor.o
 .debug_str     0x000a4012    0x9ed5f ./Core/Src/robot_firmware.o
 .debug_str     0x000a4012    0x9a5b4 ./Core/Src/servo.o
 .debug_str     0x000a4012    0x9a63b ./Core/Src/software_timer.o
 .debug_str     0x000a4012    0x9a4b4 ./Core/Src/spi.o
 .debug_str     0x000a4012    0x9a685 ./Core/Src/step_motor.o
 .debug_str     0x000a4012    0x9a025 ./Core/Src/stm32f1xx_hal_msp.o
 .debug_str     0x000a4012    0x9a7f6 ./Core/Src/stm32f1xx_it.o
 .debug_str     0x000a4012    0x9a4fc ./Core/Src/switch.o
 .debug_str     0x000a4012    0x99b64 ./Core/Src/system_stm32f1xx.o
 .debug_str     0x000a4012    0x9acaa ./Core/Src/tim.o
 .debug_str     0x000a4012    0x9dd4d ./Core/Src/uart.o
 .debug_str     0x000a4012    0x9a8ff ./Core/Src/usart.o
 .debug_str     0x000a4012     0x73cf ./Core/Src/utils.o
 .debug_str     0x000a4012       0xa6 ./Core/Startup/startup_stm32f103rctx.o
 .debug_str     0x000a4012    0x9a37b ./Drivers/STM32F1xx_HAL_Driver/Src/stm32f1xx_hal.o
 .debug_str     0x000a4012    0x9a248 ./Drivers/STM32F1xx_HAL_Driver/Src/stm32f1xx_hal_adc.o
 .debug_str     0x000a4012    0x9a2c7 ./Drivers/STM32F1xx_HAL_Driver/Src/stm32f1xx_hal_cortex.o
 .debug_str     0x000a4012    0x99f0d ./Drivers/STM32F1xx_HAL_Driver/Src/stm32f1xx_hal_dma.o
 .debug_str     0x000a4012    0x99eea ./Drivers/STM32F1xx_HAL_Driver/Src/stm32f1xx_hal_gpio.o
 .debug_str     0x000a4012    0x9ac2b ./Drivers/STM32F1xx_HAL_Driver/Src/stm32f1xx_hal_i2c.o
 .debug_str     0x000a4012    0x99f93 ./Drivers/STM32F1xx_HAL_Driver/Src/stm32f1xx_hal_rcc.o
 .debug_str     0x000a4012    0x99d21 ./Drivers/STM32F1xx_HAL_Driver/Src/stm32f1xx_hal_rcc_ex.o
 .debug_str     0x000a4012    0x9a490 ./Drivers/STM32F1xx_HAL_Driver/Src/stm32f1xx_hal_spi.o
 .debug_str     0x000a4012    0x9af95 ./Drivers/STM32F1xx_HAL_Driver/Src/stm32f1xx_hal_tim.o
 .debug_str     0x000a4012    0x9a7a1 ./Drivers/STM32F1xx_HAL_Driver/Src/stm32f1xx_hal_tim_ex.o
 .debug_str     0x000a4012    0x9a604 ./Drivers/STM32F1xx_HAL_Driver/Src/stm32f1xx_hal_uart.o

.comment        0x00000000       0x43
 .comment       0x00000000       0x43 ./Core/Src/adc.o
                                 0x44 (size before relaxing)
 .comment       0x00000043       0x44 ./Core/Src/button.o
 .comment       0x00000043       0x44 ./Core/Src/buzzer.o
 .comment       0x00000043       0x44 ./Core/Src/display.o
 .comment       0x00000043       0x44 ./Core/Src/dma.o
 .comment       0x00000043       0x44 ./Core/Src/encoder.o
 .comment       0x00000043       0x44 ./Core/Src/follow_line.o
 .comment       0x00000043       0x44 ./Core/Src/gamepad.o
 .comment       0x00000043       0x44 ./Core/Src/gpio.o
 .comment       0x00000043       0x44 ./Core/Src/i2c.o
 .comment       0x00000043       0x44 ./Core/Src/line_sensor.o
 .comment       0x00000043       0x44 ./Core/Src/main.o
 .comment       0x00000043       0x44 ./Core/Src/module_mke_m15.o
 .comment       0x00000043       0x44 ./Core/Src/motor.o
 .comment       0x00000043       0x44 ./Core/Src/robot_firmware.o
 .comment       0x00000043       0x44 ./Core/Src/servo.o
 .comment       0x00000043       0x44 ./Core/Src/software_timer.o
 .comment       0x00000043       0x44 ./Core/Src/spi.o