../Core/Src/motor.c:20:7:initMotor	16	static
../Core/Src/motor.c:25:7:setSpeed	16	static
../Core/Src/motor.c:45:7:motor1Rotates	16	static
../Core/Src/motor.c:59:7:motor2Rotates	16	static
../Core/Src/motor.c:73:7:motor3Rotates	16	static
../Core/Src/motor.c:87:7:motor4Rotates	16	static
../Core/Src/motor.c:101:7:motorStop	8	static
../Core/Src/motor.c:116:7:moveForward	16	static
../Core/Src/motor.c:123:7:moveBackward	16	static
../Core/Src/motor.c:130:7:moveLeft	16	static
../Core/Src/motor.c:137:7:moveRight	16	static
../Core/Src/motor.c:145:7:moveFrontLeft	16	static
../Core/Src/motor.c:153:7:moveFrontRight	16	static
../Core/Src/motor.c:161:7:moveBackLeft	16	static
../Core/Src/motor.c:169:7:moveBackRight	16	static
../Core/Src/motor.c:177:7:rotateLeft	16	static
../Core/Src/motor.c:185:7:rotateRight	16	static
../Core/Src/motor.c:193:7:moveFrontLeftLine	8	static
../Core/Src/motor.c:201:7:moveFrontRightLine	8	static
../Core/Src/motor.c:209:7:moveDirection	16	static
../Core/Src/motor.c:271:8:followLineForward	16	static
../Core/Src/motor.c:316:8:followLineBackward	16	static
../Core/Src/motor.c:361:11:followLineForwardUntilCross	16	static
../Core/Src/motor.c:415:8:goToTheNthCross	24	static
../Core/Src/motor.c:422:8:goLeftUntilMeetLine	16	static
../Core/Src/motor.c:433:8:goRightUntilMeetLine	16	static
../Core/Src/motor.c:444:8:goBackwardUntilMeetLine	16	static
../Core/Src/motor.c:461:8:followLineWithWeightError	16	static
